Component: Arm Compiler for Embedded 6.19 Tool: armlink [5e73cb00]

==============================================================================

Section Cross References

    main.o(.text) refers (Special) to _printf_percent.o(.ARM.Collect$$_printf_percent$$00000000) for _printf_percent
    main.o(.text) refers (Special) to _printf_d.o(.ARM.Collect$$_printf_percent$$00000009) for _printf_d
    main.o(.text) refers (Special) to _printf_dec.o(.text) for _printf_int_dec
    main.o(.text.main) refers (Special) to _printf_percent.o(.ARM.Collect$$_printf_percent$$00000000) for _printf_percent
    main.o(.text.main) refers (Special) to _printf_d.o(.ARM.Collect$$_printf_percent$$00000009) for _printf_d
    main.o(.text.main) refers (Special) to _printf_dec.o(.text) for _printf_int_dec
    main.o(.text.main) refers to ml_system.o(.text.system_init) for system_init
    main.o(.text.main) refers to ml_delay.o(.text.delay_ms) for delay_ms
    main.o(.text.main) refers to ml_uart.o(.text.uart_init) for uart_init
    main.o(.text.main) refers to oled.o(.text.OLED_Init) for OLED_Init
    main.o(.text.main) refers to ml_i2c.o(.text.I2C_Init) for I2C_Init
    main.o(.text.main) refers to ml_mpu6050.o(.text.MPU6050_Init) for MPU6050_Init
    main.o(.text.main) refers to imu.o(.text.MPU6050_ReadDatas_init) for MPU6050_ReadDatas_init
    main.o(.text.main) refers to ml_gpio.o(.text.gpio_init) for gpio_init
    main.o(.text.main) refers to ml_gpio.o(.text.gpio_set) for gpio_set
    main.o(.text.main) refers to pid.o(.text.init_pid_my) for init_pid_my
    main.o(.text.main) refers to ml_tim.o(.text.tim_interrupt_ms_init) for tim_interrupt_ms_init
    main.o(.text.main) refers to system.o(.text.key_action) for key_action
    main.o(.text.main) refers to ml_gpio.o(.text.gpio_get) for gpio_get
    main.o(.text.main) refers to noretval__2printf.o(.text) for __2printf
    main.o(.text.main) refers to system.o(.bss.stop_flag) for stop_flag
    main.o(.text.main) refers to system.o(.bss.pwm_motor2) for pwm_motor2
    main.o(.text.main) refers to system.o(.bss.pwm_motor1) for pwm_motor1
    main.o(.text.main) refers to main.o(.bss.state) for state
    main.o(.text.main) refers to main.o(.rodata.str1.1) for [Anonymous Symbol]
    main.o(.text.main) refers to system.o(.bss.pian_num) for pian_num
    main.o(.ARM.exidx.text.main) refers (Special) to _printf_percent.o(.ARM.Collect$$_printf_percent$$00000000) for _printf_percent
    main.o(.ARM.exidx.text.main) refers (Special) to _printf_d.o(.ARM.Collect$$_printf_percent$$00000009) for _printf_d
    main.o(.ARM.exidx.text.main) refers (Special) to _printf_dec.o(.text) for _printf_int_dec
    main.o(.ARM.exidx.text.main) refers to main.o(.text.main) for [Anonymous Symbol]
    main.o(.bss.num) refers (Special) to _printf_percent.o(.ARM.Collect$$_printf_percent$$00000000) for _printf_percent
    main.o(.bss.num) refers (Special) to _printf_d.o(.ARM.Collect$$_printf_percent$$00000009) for _printf_d
    main.o(.bss.num) refers (Special) to _printf_dec.o(.text) for _printf_int_dec
    main.o(.bss.state) refers (Special) to _printf_percent.o(.ARM.Collect$$_printf_percent$$00000000) for _printf_percent
    main.o(.bss.state) refers (Special) to _printf_d.o(.ARM.Collect$$_printf_percent$$00000009) for _printf_d
    main.o(.bss.state) refers (Special) to _printf_dec.o(.text) for _printf_int_dec
    main.o(.rodata.str1.1) refers (Special) to _printf_percent.o(.ARM.Collect$$_printf_percent$$00000000) for _printf_percent
    main.o(.rodata.str1.1) refers (Special) to _printf_d.o(.ARM.Collect$$_printf_percent$$00000009) for _printf_d
    main.o(.rodata.str1.1) refers (Special) to _printf_dec.o(.text) for _printf_int_dec
    main.o(.ARM.use_no_argv) refers (Special) to _printf_percent.o(.ARM.Collect$$_printf_percent$$00000000) for _printf_percent
    main.o(.ARM.use_no_argv) refers (Special) to _printf_d.o(.ARM.Collect$$_printf_percent$$00000009) for _printf_d
    main.o(.ARM.use_no_argv) refers (Special) to _printf_dec.o(.text) for _printf_int_dec
    isr.o(.text) refers (Special) to _printf_percent.o(.ARM.Collect$$_printf_percent$$00000000) for _printf_percent
    isr.o(.text) refers (Special) to _printf_d.o(.ARM.Collect$$_printf_percent$$00000009) for _printf_d
    isr.o(.text) refers (Special) to _printf_dec.o(.text) for _printf_int_dec
    isr.o(.text.TIMG0_IRQHandler) refers (Special) to _printf_percent.o(.ARM.Collect$$_printf_percent$$00000000) for _printf_percent
    isr.o(.text.TIMG0_IRQHandler) refers (Special) to _printf_d.o(.ARM.Collect$$_printf_percent$$00000009) for _printf_d
    isr.o(.text.TIMG0_IRQHandler) refers (Special) to _printf_dec.o(.text) for _printf_int_dec
    isr.o(.text.TIMG0_IRQHandler) refers to ml_gpio.o(.text.gpio_set) for gpio_set
    isr.o(.text.TIMG0_IRQHandler) refers to system.o(.bss.pwm_motor1) for pwm_motor1
    isr.o(.text.TIMG0_IRQHandler) refers to isr.o(.bss.pwm_time0) for pwm_time0
    isr.o(.text.TIMG0_IRQHandler) refers to isr.o(.data.pwm_max) for pwm_max
[...]
    __arm_cp.0_5                             0x000029a0   Number         4  isr.o(.text.TIMG0_IRQHandler)
    __arm_cp.0_6                             0x000029a4   Number         4  isr.o(.text.TIMG0_IRQHandler)
    [Anonymous Symbol]                       0x000029a8   Section        0  isr.o(.text.TIMG12_IRQHandler)
    __arm_cp.5_0                             0x000029b0   Number         4  isr.o(.text.TIMG12_IRQHandler)
    [Anonymous Symbol]                       0x000029b4   Section        0  isr.o(.text.TIMG6_IRQHandler)
    __arm_cp.1_0                             0x00002a30   Number         4  isr.o(.text.TIMG6_IRQHandler)
    __arm_cp.1_1                             0x00002a34   Number         4  isr.o(.text.TIMG6_IRQHandler)
    __arm_cp.1_2                             0x00002a38   Number         4  isr.o(.text.TIMG6_IRQHandler)
    __arm_cp.1_3                             0x00002a3c   Number         4  isr.o(.text.TIMG6_IRQHandler)
    __arm_cp.1_4                             0x00002a40   Number         4  isr.o(.text.TIMG6_IRQHandler)
    [Anonymous Symbol]                       0x00002a44   Section        0  isr.o(.text.TIMG7_IRQHandler)
    __arm_cp.3_36                            0x00002e10   Number         4  isr.o(.text.TIMG7_IRQHandler)
    __arm_cp.3_37                            0x00002e14   Number         4  isr.o(.text.TIMG7_IRQHandler)
    __arm_cp.3_40                            0x00002e20   Number         4  isr.o(.text.TIMG7_IRQHandler)
    __arm_cp.3_42                            0x00002e28   Number         4  isr.o(.text.TIMG7_IRQHandler)
    __arm_cp.3_61                            0x00002e74   Number         4  isr.o(.text.TIMG7_IRQHandler)
    __arm_cp.3_62                            0x00002e78   Number         4  isr.o(.text.TIMG7_IRQHandler)
    __arm_cp.3_65                            0x00003170   Number         4  isr.o(.text.TIMG7_IRQHandler)
    __arm_cp.3_87                            0x000031c8   Number         4  isr.o(.text.TIMG7_IRQHandler)
    __arm_cp.3_89                            0x000031d0   Number         4  isr.o(.text.TIMG7_IRQHandler)
    __arm_cp.3_1                             0x0000359c   Number         4  isr.o(.text.TIMG7_IRQHandler)
    __arm_cp.3_3                             0x000035a0   Number         4  isr.o(.text.TIMG7_IRQHandler)
    __arm_cp.3_4                             0x000035a4   Number         4  isr.o(.text.TIMG7_IRQHandler)
    __arm_cp.3_8                             0x000035a8   Number         4  isr.o(.text.TIMG7_IRQHandler)
    __arm_cp.3_9                             0x000035ac   Number         4  isr.o(.text.TIMG7_IRQHandler)
    __arm_cp.3_10                            0x000035b0   Number         4  isr.o(.text.TIMG7_IRQHandler)
    __arm_cp.3_11                            0x000035b4   Number         4  isr.o(.text.TIMG7_IRQHandler)
    __arm_cp.3_12                            0x000035b8   Number         4  isr.o(.text.TIMG7_IRQHandler)
    __arm_cp.3_13                            0x000035bc   Number         4  isr.o(.text.TIMG7_IRQHandler)
    __arm_cp.3_14                            0x000035c0   Number         4  isr.o(.text.TIMG7_IRQHandler)
    __arm_cp.3_15                            0x000035c4   Number         4  isr.o(.text.TIMG7_IRQHandler)
    __arm_cp.3_16                            0x000035c8   Number         4  isr.o(.text.TIMG7_IRQHandler)
    __arm_cp.3_17                            0x000035cc   Number         4  isr.o(.text.TIMG7_IRQHandler)
    __arm_cp.3_18                            0x000035d0   Number         4  isr.o(.text.TIMG7_IRQHandler)
    __arm_cp.3_19                            0x000035d4   Number         4  isr.o(.text.TIMG7_IRQHandler)
    __arm_cp.3_20                            0x000035d8   Number         4  isr.o(.text.TIMG7_IRQHandler)
    __arm_cp.3_21                            0x000035dc   Number         4  isr.o(.text.TIMG7_IRQHandler)
    __arm_cp.3_23                            0x000035e0   Number         4  isr.o(.text.TIMG7_IRQHandler)
    __arm_cp.3_24                            0x000035e4   Number         4  isr.o(.text.TIMG7_IRQHandler)
    __arm_cp.3_29                            0x000035e8   Number         4  isr.o(.text.TIMG7_IRQHandler)
    __arm_cp.3_30                            0x000035ec   Number         4  isr.o(.text.TIMG7_IRQHandler)
    __arm_cp.3_33                            0x000035f0   Number         4  isr.o(.text.TIMG7_IRQHandler)
    __arm_cp.3_34                            0x000035f4   Number         4  isr.o(.text.TIMG7_IRQHandler)
    [Anonymous Symbol]                       0x000035f8   Section        0  isr.o(.text.TIMG8_IRQHandler)
    __arm_cp.4_0                             0x000036ac   Number         4  isr.o(.text.TIMG8_IRQHandler)
    __arm_cp.4_1                             0x000036b0   Number         4  isr.o(.text.TIMG8_IRQHandler)
    __arm_cp.4_2                             0x000036b4   Number         4  isr.o(.text.TIMG8_IRQHandler)
    __arm_cp.4_3                             0x000036b8   Number         4  isr.o(.text.TIMG8_IRQHandler)
    __arm_cp.4_4                             0x000036bc   Number         4  isr.o(.text.TIMG8_IRQHandler)
    __arm_cp.4_5                             0x000036c0   Number         4  isr.o(.text.TIMG8_IRQHandler)
    __arm_cp.4_6                             0x000036c4   Number         4  isr.o(.text.TIMG8_IRQHandler)
    __arm_cp.4_7                             0x000036c8   Number         4  isr.o(.text.TIMG8_IRQHandler)
    __arm_cp.4_8                             0x000036cc   Number         4  isr.o(.text.TIMG8_IRQHandler)
    __arm_cp.4_9                             0x000036d0   Number         4  isr.o(.text.TIMG8_IRQHandler)
    __arm_cp.4_10                            0x000036d4   Number         4  isr.o(.text.TIMG8_IRQHandler)
    __arm_cp.4_11                            0x000036d8   Number         4  isr.o(.text.TIMG8_IRQHandler)
    __arm_cp.4_12                            0x000036dc   Number         4  isr.o(.text.TIMG8_IRQHandler)
    __arm_cp.4_13                            0x000036e0   Number         4  isr.o(.text.TIMG8_IRQHandler)
    __arm_cp.4_14                            0x000036e4   Number         4  isr.o(.text.TIMG8_IRQHandler)
    [Anonymous Symbol]                       0x000036e8   Section        0  isr.o(.text.UART0_IRQHandler)
    __arm_cp.6_0                             0x000036f0   Number         4  isr.o(.text.UART0_IRQHandler)
    [Anonymous Symbol]                       0x000036f4   Section        0  isr.o(.text.UART1_IRQHandler)
    __arm_cp.7_0                             0x000036fc   Number         4  isr.o(.text.UART1_IRQHandler)
    [Anonymous Symbol]                       0x00003700   Section        0  isr.o(.text.UART2_IRQHandler)
    __arm_cp.8_0                             0x00003708   Number         4  isr.o(.text.UART2_IRQHandler)
    [Anonymous Symbol]                       0x0000370c   Section        0  isr.o(.text.UART3_IRQHandler)
    __arm_cp.9_0                             0x00003714   Number         4  isr.o(.text.UART3_IRQHandler)
    [Anonymous Symbol]                       0x00003718   Section        0  ml_uart.o(.text._sys_exit)
    [Anonymous Symbol]                       0x0000371c   Section        0  ml_delay.o(.text.delay_ms)
    __arm_cp.1_0                             0x00003828   Number         4  ml_delay.o(.text.delay_ms)
    [Anonymous Symbol]                       0x0000382c   Section        0  ml_delay.o(.text.delay_us)
    __arm_cp.2_0                             0x00003938   Number         4  ml_delay.o(.text.delay_us)
    [Anonymous Symbol]                       0x0000393c   Section        0  ml_uart.o(.text.fputc)
    __arm_cp.1_0                             0x0000395c   Number         4  ml_uart.o(.text.fputc)
    [Anonymous Symbol]                       0x00003960   Section        0  ml_gpio.o(.text.gpio_get)
    [Anonymous Symbol]                       0x00003970   Section        0  ml_gpio.o(.text.gpio_init)
    __arm_cp.0_0                             0x000039a8   Number         4  ml_gpio.o(.text.gpio_init)
    __arm_cp.0_1                             0x000039ac   Number         4  ml_gpio.o(.text.gpio_init)
    __arm_cp.0_2                             0x000039b0   Number         4  ml_gpio.o(.text.gpio_init)
    [Anonymous Symbol]                       0x000039b4   Section        0  ml_gpio.o(.text.gpio_set)
    __arm_cp.1_0                             0x000039cc   Number         4  ml_gpio.o(.text.gpio_set)
    [Anonymous Symbol]                       0x000039d0   Section        0  pid.o(.text.init_pid_my)
    __arm_cp.6_0                             0x00003a04   Number         4  pid.o(.text.init_pid_my)
    __arm_cp.6_1                             0x00003a08   Number         4  pid.o(.text.init_pid_my)
    __arm_cp.6_2                             0x00003a0c   Number         4  pid.o(.text.init_pid_my)
    __arm_cp.6_3                             0x00003a10   Number         4  pid.o(.text.init_pid_my)
    __arm_cp.6_4                             0x00003a14   Number         4  pid.o(.text.init_pid_my)
    __arm_cp.6_5                             0x00003a18   Number         4  pid.o(.text.init_pid_my)
    __arm_cp.6_6                             0x00003a1c   Number         4  pid.o(.text.init_pid_my)
    __arm_cp.6_7                             0x00003a20   Number         4  pid.o(.text.init_pid_my)
    [Anonymous Symbol]                       0x00003a24   Section        0  system.o(.text.key_action)
    __arm_cp.1_0                             0x00003be8   Number         4  system.o(.text.key_action)
    __arm_cp.1_1                             0x00003bec   Number         4  system.o(.text.key_action)
    __arm_cp.1_2                             0x00003bf0   Number         4  system.o(.text.key_action)
    __arm_cp.1_3                             0x00003bf4   Number         4  system.o(.text.key_action)
    __arm_cp.1_4                             0x00003bf8   Number         4  system.o(.text.key_action)
    __arm_cp.1_5                             0x00003bfc   Number         4  system.o(.text.key_action)
    __arm_cp.1_6                             0x00003c00   Number         4  system.o(.text.key_action)
    __arm_cp.1_7                             0x00003c04   Number         4  system.o(.text.key_action)
    __arm_cp.1_8                             0x00003c08   Number         4  system.o(.text.key_action)
    __arm_cp.1_9                             0x00003c0c   Number         4  system.o(.text.key_action)
    __arm_cp.1_10                            0x00003c10   Number         4  system.o(.text.key_action)
    __arm_cp.1_11                            0x00003c14   Number         4  system.o(.text.key_action)
    __arm_cp.1_12                            0x00003c18   Number         4  system.o(.text.key_action)
    __arm_cp.1_13                            0x00003c1c   Number         4  system.o(.text.key_action)
    __arm_cp.1_14                            0x00003c20   Number         4  system.o(.text.key_action)
    [Anonymous Symbol]                       0x00003c24   Section        0  main.o(.text.main)
    __arm_cp.0_0                             0x00003f20   Number         4  main.o(.text.main)
    __arm_cp.0_1                             0x00003f24   Number         4  main.o(.text.main)
    __arm_cp.0_2                             0x00003f28   Number         4  main.o(.text.main)
    __arm_cp.0_3                             0x00003f2c   Number         4  main.o(.text.main)
    __arm_cp.0_4                             0x00003f30   Number         4  main.o(.text.main)
    __arm_cp.0_5                             0x00003f34   Number         4  main.o(.text.main)
    __arm_cp.0_6                             0x00003f38   Number         4  main.o(.text.main)
    __arm_cp.0_7                             0x00003f3c   Number         4  main.o(.text.main)
    __arm_cp.0_8                             0x00003f40   Number         4  main.o(.text.main)
    __arm_cp.0_9                             0x00003f44   Number         4  main.o(.text.main)
    __arm_cp.0_10                            0x00003f48   Number         4  main.o(.text.main)
    __arm_cp.0_11                            0x00003f4c   Number         4  main.o(.text.main)
    __arm_cp.0_12                            0x00003f50   Number         4  main.o(.text.main)
    [Anonymous Symbol]                       0x00003f58   Section        0  system.o(.text.oled_show)
    __arm_cp.0_0                             0x00004058   Number         4  system.o(.text.oled_show)
    __arm_cp.0_2                             0x00004060   Number         4  system.o(.text.oled_show)
    __arm_cp.0_4                             0x0000406c   Number         4  system.o(.text.oled_show)
    __arm_cp.0_6                             0x00004078   Number         4  system.o(.text.oled_show)
    __arm_cp.0_8                             0x00004084   Number         4  system.o(.text.oled_show)
    __arm_cp.0_13                            0x000040a8   Number         4  system.o(.text.oled_show)
    [Anonymous Symbol]                       0x000040ac   Section        0  pid.o(.text.pid_angle)
    __arm_cp.5_0                             0x00004334   Number         4  pid.o(.text.pid_angle)
    __arm_cp.5_1                             0x00004338   Number         4  pid.o(.text.pid_angle)
    __arm_cp.5_2                             0x0000433c   Number         4  pid.o(.text.pid_angle)
    __arm_cp.5_3                             0x00004340   Number         4  pid.o(.text.pid_angle)
    [Anonymous Symbol]                       0x00004344   Section        0  pid.o(.text.pid_cha)
    __arm_cp.4_0                             0x000043e4   Number         4  pid.o(.text.pid_cha)
    __arm_cp.4_1                             0x000043e8   Number         4  pid.o(.text.pid_cha)
    __arm_cp.4_2                             0x000043ec   Number         4  pid.o(.text.pid_cha)
    __arm_cp.4_3                             0x000043f0   Number         4  pid.o(.text.pid_cha)
    __arm_cp.4_4                             0x000043f4   Number         4  pid.o(.text.pid_cha)
    __arm_cp.4_5                             0x000043f8   Number         4  pid.o(.text.pid_cha)
    __arm_cp.4_6                             0x000043fc   Number         4  pid.o(.text.pid_cha)
    [Anonymous Symbol]                       0x00004400   Section        0  pid.o(.text.pid_left)
    __arm_cp.2_0                             0x00004460   Number         4  pid.o(.text.pid_left)
    [Anonymous Symbol]                       0x00004464   Section        0  pid.o(.text.pid_right)
    __arm_cp.3_0                             0x000044c4   Number         4  pid.o(.text.pid_right)
    __arm_cp.3_1                             0x000044c8   Number         4  pid.o(.text.pid_right)
    [Anonymous Symbol]                       0x000044cc   Section        0  ml_system.o(.text.system_init)
    __arm_cp.0_0                             0x00004560   Number         4  ml_system.o(.text.system_init)
    __arm_cp.0_2                             0x00004564   Number         4  ml_system.o(.text.system_init)
    __arm_cp.0_4                             0x00004568   Number         4  ml_system.o(.text.system_init)
    __arm_cp.0_5                             0x0000456c   Number         4  ml_system.o(.text.system_init)
    __arm_cp.0_6                             0x00004570   Number         4  ml_system.o(.text.system_init)
    __arm_cp.0_7                             0x00004574   Number         4  ml_system.o(.text.system_init)
    __arm_cp.0_8                             0x00004578   Number         4  ml_system.o(.text.system_init)
    __arm_cp.0_9                             0x0000457c   Number         4  ml_system.o(.text.system_init)
    [Anonymous Symbol]                       0x00004580   Section        0  ml_tim.o(.text.tim_interrupt_ms_init)
    __arm_cp.0_0                             0x00004680   Number         4  ml_tim.o(.text.tim_interrupt_ms_init)
    __arm_cp.0_1                             0x00004684   Number         4  ml_tim.o(.text.tim_interrupt_ms_init)
    __arm_cp.0_2                             0x00004688   Number         4  ml_tim.o(.text.tim_interrupt_ms_init)
    __arm_cp.0_3                             0x0000468c   Number         4  ml_tim.o(.text.tim_interrupt_ms_init)
    __arm_cp.0_4                             0x00004690   Number         4  ml_tim.o(.text.tim_interrupt_ms_init)
    __arm_cp.0_5                             0x00004694   Number         4  ml_tim.o(.text.tim_interrupt_ms_init)
    __arm_cp.0_6                             0x00004698   Number         4  ml_tim.o(.text.tim_interrupt_ms_init)
    __arm_cp.0_7                             0x0000469c   Number         4  ml_tim.o(.text.tim_interrupt_ms_init)
    __arm_cp.0_8                             0x000046a0   Number         4  ml_tim.o(.text.tim_interrupt_ms_init)
    __arm_cp.0_9                             0x000046a4   Number         4  ml_tim.o(.text.tim_interrupt_ms_init)
    __arm_cp.0_10                            0x000046a8   Number         4  ml_tim.o(.text.tim_interrupt_ms_init)
    __arm_cp.0_12                            0x000046ac   Number         4  ml_tim.o(.text.tim_interrupt_ms_init)
    [Anonymous Symbol]                       0x000046b0   Section        0  ml_uart.o(.text.uart_init)
    __arm_cp.2_0                             0x00004904   Number         4  ml_uart.o(.text.uart_init)
    __arm_cp.2_1                             0x00004908   Number         4  ml_uart.o(.text.uart_init)
    __arm_cp.2_2                             0x0000490c   Number         4  ml_uart.o(.text.uart_init)
    __arm_cp.2_3                             0x00004910   Number         4  ml_uart.o(.text.uart_init)
    __arm_cp.2_4                             0x00004914   Number         4  ml_uart.o(.text.uart_init)
    __arm_cp.2_5                             0x00004918   Number         4  ml_uart.o(.text.uart_init)
    __arm_cp.2_6                             0x0000491c   Number         4  ml_uart.o(.text.uart_init)
    __arm_cp.2_7                             0x00004920   Number         4  ml_uart.o(.text.uart_init)
    __arm_cp.2_8                             0x00004924   Number         4  ml_uart.o(.text.uart_init)
    __arm_cp.2_9                             0x00004928   Number         4  ml_uart.o(.text.uart_init)
    __arm_cp.2_10                            0x0000492c   Number         4  ml_uart.o(.text.uart_init)
    __arm_cp.2_11                            0x00004930   Number         4  ml_uart.o(.text.uart_init)
    __arm_cp.2_12                            0x00004934   Number         4  ml_uart.o(.text.uart_init)
    __arm_cp.2_13                            0x00004938   Number         4  ml_uart.o(.text.uart_init)
    __arm_cp.2_14                            0x0000493c   Number         4  ml_uart.o(.text.uart_init)
    __arm_cp.2_15                            0x00004940   Number         4  ml_uart.o(.text.uart_init)
    __arm_cp.2_16                            0x00004944   Number         4  ml_uart.o(.text.uart_init)
    __arm_cp.2_17                            0x00004948   Number         4  ml_uart.o(.text.uart_init)
    __arm_cp.2_18                            0x0000494c   Number         4  ml_uart.o(.text.uart_init)
    __arm_cp.2_19                            0x00004950   Number         4  ml_uart.o(.text.uart_init)
    __arm_cp.2_20                            0x00004954   Number         4  ml_uart.o(.text.uart_init)
    __arm_cp.2_21                            0x00004958   Number         4  ml_uart.o(.text.uart_init)
    __arm_cp.2_22                            0x0000495c   Number         4  ml_uart.o(.text.uart_init)
    __arm_cp.2_23                            0x00004960   Number         4  ml_uart.o(.text.uart_init)
    __arm_cp.2_24                            0x00004964   Number         4  ml_uart.o(.text.uart_init)
    __arm_cp.2_25                            0x00004968   Number         4  ml_uart.o(.text.uart_init)
    __arm_cp.2_26                            0x0000496c   Number         4  ml_uart.o(.text.uart_init)
    __arm_cp.2_27                            0x00004970   Number         4  ml_uart.o(.text.uart_init)
    .text_divfast                            0x00004974   Section      502  aeabi_sdivfast.o(.text_divfast)
    i.__ARM_fpclassify                       0x00004b6c   Section        0  fpclassify.o(i.__ARM_fpclassify)
    i.__kernel_poly                          0x00004b98   Section        0  poly.o(i.__kernel_poly)
    i.__mathlib_dbl_divzero                  0x00004c44   Section        0  dunder.o(i.__mathlib_dbl_divzero)
    i.__mathlib_dbl_infnan2                  0x00004c58   Section        0  dunder.o(i.__mathlib_dbl_infnan2)
    i.__mathlib_dbl_invalid                  0x00004c60   Section        0  dunder.o(i.__mathlib_dbl_invalid)
    i.__mathlib_dbl_overflow                 0x00004c70   Section        0  dunder.o(i.__mathlib_dbl_overflow)
    i.__mathlib_dbl_underflow                0x00004c84   Section        0  dunder.o(i.__mathlib_dbl_underflow)
    i._fgeq                                  0x00004c98   Section        0  fcmp.o(i._fgeq)
    i._fgr                                   0x00004cae   Section        0  fcmp.o(i._fgr)
    i._fleq                                  0x00004cc4   Section        0  fcmp.o(i._fleq)
    i._fls                                   0x00004cde   Section        0  fcmp.o(i._fls)
    i.pow                                    0x00004cf4   Section        0  pow.o(i.pow)
    i.sqrt                                   0x000056c8   Section        0  sqrt.o(i.sqrt)
    x$fpl$drleqf                             0x00005710   Section      104  drlef.o(x$fpl$drleqf)
    x$fpl$fadd                               0x00005778   Section      140  faddsub.o(x$fpl$fadd)
    _fadd1                                   0x00005785   Thumb Code     0  faddsub.o(x$fpl$fadd)
    x$fpl$fgeqf                              0x00005804   Section       84  fgef.o(x$fpl$fgeqf)
    x$fpl$fleqf                              0x00005858   Section       84  flef.o(x$fpl$fleqf)
    x$fpl$fmul                               0x000058ac   Section      176  fmul.o(x$fpl$fmul)
    x$fpl$fsub                               0x0000595c   Section      208  faddsub.o(x$fpl$fsub)
    _fsub1                                   0x00005969   Thumb Code     0  faddsub.o(x$fpl$fsub)
    ddiv_reciptbl                            0x00005a2c   Data         128  ddiv.o(.constdata)
    .constdata                               0x00005a2c   Section      128  ddiv.o(.constdata)
    x$fpl$usenofp                            0x00005a2c   Section        0  usenofp.o(x$fpl$usenofp)
    fdiv_tab                                 0x00005aac   Data          64  fdiv.o(.constdata)
    .constdata                               0x00005aac   Section       64  fdiv.o(.constdata)
    bp                                       0x00005af0   Data          16  pow.o(.constdata)
    .constdata                               0x00005af0   Section      136  pow.o(.constdata)
    dp_h                                     0x00005b00   Data          16  pow.o(.constdata)
    dp_l                                     0x00005b10   Data          16  pow.o(.constdata)
    L                                        0x00005b20   Data          48  pow.o(.constdata)
    P                                        0x00005b50   Data          40  pow.o(.constdata)
    .constdata                               0x00005b78   Section        8  qnan.o(.constdata)
    gSYSPLLConfig                            0x00006170   Data          40  ml_system.o(.rodata.gSYSPLLConfig)
    [Anonymous Symbol]                       0x00006170   Section        0  ml_system.o(.rodata.gSYSPLLConfig)
    [Anonymous Symbol]                       0x00006198   Section        0  main.o(.rodata.str1.1)
    uart_init.gUART_1ClockConfig             0x0000619b   Data           2  ml_uart.o(.rodata.uart_init.gUART_1ClockConfig)
    [Anonymous Symbol]                       0x0000619b   Section        0  ml_uart.o(.rodata.uart_init.gUART_1ClockConfig)
    uart_init.gUART_1Config                  0x0000619e   Data          10  ml_uart.o(.rodata.uart_init.gUART_1Config)
    [Anonymous Symbol]                       0x0000619e   Section        0  ml_uart.o(.rodata.uart_init.gUART_1Config)
    .bss                                     0x20200030   Section       96  libspace.o(.bss)
    MPU6050_ReadDatas_Proc.z                 0x2020009c   Data           4  imu.o(.bss.MPU6050_ReadDatas_Proc.z)
    [Anonymous Symbol]                       0x2020009c   Section        0  imu.o(.bss.MPU6050_ReadDatas_Proc.z)
    hang                                     0x20200114   Data           4  system.o(.bss.hang)
    [Anonymous Symbol]                       0x20200114   Section        0  system.o(.bss.hang)
    ye                                       0x202002a8   Data           4  system.o(.bss.ye)
    [Anonymous Symbol]                       0x202002a8   Section        0  system.o(.bss.ye)
    Heap_Mem                                 0x202002b8   Data           0  startup_mspm0g350x_uvision.o(HEAP)
    Stack_Mem                                0x202002b8   Data        1024  startup_mspm0g350x_uvision.o(STACK)
    HEAP                                     0x202002b8   Section        0  startup_mspm0g350x_uvision.o(HEAP)
    STACK                                    0x202002b8   Section     1024  startup_mspm0g350x_uvision.o(STACK)
    __initial_sp                             0x202006b8   Data           0  startup_mspm0g350x_uvision.o(STACK)

    Global Symbols

    Symbol Name                              Value     Ov Type        Size  Object(Section)

    BuildAttributes$$THM_ISAv3M$S$PE$A:L22$X:L11$S22$IEEE1$IW$~IW$USESV6$~STKCKD$USESV7$~SHL$OTIME$ROPI$IEEEX$EBA8$UX$STANDARDLIB$REQ8$PRES8$EABIv2 0x00000000   Number         0  anon$$obj.o ABSOLUTE
    __Vectors                                0x00000000   Data           4  startup_mspm0g350x_uvision.o(RESET)
    __ARM_exceptions_init                     - Undefined Weak Reference
    __alloca_initialize                       - Undefined Weak Reference
    __arm_preinit_                            - Undefined Weak Reference
    __arm_relocate_pie_                       - Undefined Weak Reference
    __cpp_initialize__aeabi_                  - Undefined Weak Reference
    __cxa_finalize                            - Undefined Weak Reference
    __rt_locale                               - Undefined Weak Reference
    __sigvec_lookup                           - Undefined Weak Reference
    _atexit_init                              - Undefined Weak Reference
    _call_atexit_fns                          - Undefined Weak Reference
    _clock_init                               - Undefined Weak Reference
    _fp_trap_init                             - Undefined Weak Reference
    _fp_trap_shutdown                         - Undefined Weak Reference
    _get_lc_collate                           - Undefined Weak Reference
    _get_lc_ctype                             - Undefined Weak Reference
    _get_lc_monetary                          - Undefined Weak Reference
    _get_lc_numeric                           - Undefined Weak Reference
    _get_lc_time                              - Undefined Weak Reference
    _getenv_init                              - Undefined Weak Reference
    _handle_redirection                       - Undefined Weak Reference
    _init_alloc                               - Undefined Weak Reference
    _init_user_alloc                          - Undefined Weak Reference
    _initio                                   - Undefined Weak Reference
    _mutex_acquire                            - Undefined Weak Reference
    _mutex_release                            - Undefined Weak Reference
    _printf_post_padding                      - Undefined Weak Reference
    _printf_pre_padding                       - Undefined Weak Reference
    _printf_truncate_signed                   - Undefined Weak Reference
    _printf_truncate_unsigned                 - Undefined Weak Reference
    _rand_init                                - Undefined Weak Reference
    _signal_finish                            - Undefined Weak Reference
    _signal_init                              - Undefined Weak Reference
    _terminate_alloc                          - Undefined Weak Reference
    _terminate_user_alloc                     - Undefined Weak Reference
    _terminateio                              - Undefined Weak Reference
    __Vectors_End                            0x000000c0   Data           0  startup_mspm0g350x_uvision.o(RESET)
    __Vectors_Size                           0x000000c0   Number         0  startup_mspm0g350x_uvision.o ABSOLUTE
    __main                                   0x000000c1   Thumb Code     8  __main.o(!!!main)
    __scatterload                            0x000000c9   Thumb Code     0  __scatter.o(!!!scatter)
    __scatterload_rt2                        0x000000c9   Thumb Code    52  __scatter.o(!!!scatter)
    __scatterload_rt2_thumb_only             0x000000c9   Thumb Code     0  __scatter.o(!!!scatter)
    __scatterload_null                       0x000000d9   Thumb Code     0  __scatter.o(!!!scatter)
    __scatterload_copy                       0x00000109   Thumb Code    26  __scatter_copy.o(!!handler_copy)
    __scatterload_zeroinit                   0x00000129   Thumb Code    28  __scatter_zi.o(!!handler_zi)
    _printf_percent                          0x00000145   Thumb Code     0  _printf_percent.o(.ARM.Collect$$_printf_percent$$00000000)
    _printf_d                                0x00000147   Thumb Code     0  _printf_d.o(.ARM.Collect$$_printf_percent$$00000009)
    _printf_percent_end                      0x00000151   Thumb Code     0  _printf_percent_end.o(.ARM.Collect$$_printf_percent$$00000017)
    __rt_lib_init                            0x00000155   Thumb Code     0  libinit.o(.ARM.Collect$$libinit$$00000000)
    __rt_lib_init_alloca_1                   0x00000157   Thumb Code     0  libinit2.o(.ARM.Collect$$libinit$$00000030)
    __rt_lib_init_argv_1                     0x00000157   Thumb Code     0  libinit2.o(.ARM.Collect$$libinit$$0000002E)
    __rt_lib_init_atexit_1                   0x00000157   Thumb Code     0  libinit2.o(.ARM.Collect$$libinit$$0000001D)
    __rt_lib_init_clock_1                    0x00000157   Thumb Code     0  libinit2.o(.ARM.Collect$$libinit$$00000023)
    __rt_lib_init_cpp_1                      0x00000157   Thumb Code     0  libinit2.o(.ARM.Collect$$libinit$$00000034)
    __rt_lib_init_exceptions_1               0x00000157   Thumb Code     0  libinit2.o(.ARM.Collect$$libinit$$00000032)
    __rt_lib_init_fp_1                       0x00000157   Thumb Code     0  libinit2.o(.ARM.Collect$$libinit$$00000002)
    __rt_lib_init_fp_trap_1                  0x00000157   Thumb Code     0  libinit2.o(.ARM.Collect$$libinit$$00000021)
    __rt_lib_init_getenv_1                   0x00000157   Thumb Code     0  libinit2.o(.ARM.Collect$$libinit$$00000025)
    __rt_lib_init_heap_1                     0x00000157   Thumb Code     0  libinit2.o(.ARM.Collect$$libinit$$0000000C)
    __rt_lib_init_lc_collate_1               0x00000157   Thumb Code     0  libinit2.o(.ARM.Collect$$libinit$$00000013)
    __rt_lib_init_lc_ctype_1                 0x00000157   Thumb Code     0  libinit2.o(.ARM.Collect$$libinit$$00000015)
    __rt_lib_init_lc_monetary_1              0x00000157   Thumb Code     0  libinit2.o(.ARM.Collect$$libinit$$00000017)
    __rt_lib_init_lc_numeric_1               0x00000157   Thumb Code     0  libinit2.o(.ARM.Collect$$libinit$$00000019)
    __rt_lib_init_lc_time_1                  0x00000157   Thumb Code     0  libinit2.o(.ARM.Collect$$libinit$$0000001B)
    __rt_lib_init_preinit_1                  0x00000157   Thumb Code     0  libinit2.o(.ARM.Collect$$libinit$$00000006)
    __rt_lib_init_rand_1                     0x00000157   Thumb Code     0  libinit2.o(.ARM.Collect$$libinit$$00000010)
    __rt_lib_init_relocate_pie_1             0x00000157   Thumb Code     0  libinit2.o(.ARM.Collect$$libinit$$00000004)
    __rt_lib_init_return                     0x00000157   Thumb Code     0  libinit2.o(.ARM.Collect$$libinit$$00000035)
    __rt_lib_init_signal_1                   0x00000157   Thumb Code     0  libinit2.o(.ARM.Collect$$libinit$$0000001F)
    __rt_lib_init_stdio_1                    0x00000157   Thumb Code     0  libinit2.o(.ARM.Collect$$libinit$$00000027)
    __rt_lib_init_user_alloc_1               0x00000157   Thumb Code     0  libinit2.o(.ARM.Collect$$libinit$$0000000E)
    __rt_lib_shutdown                        0x00000159   Thumb Code     0  libshutdown.o(.ARM.Collect$$libshutdown$$00000000)
    __rt_lib_shutdown_cpp_1                  0x0000015b   Thumb Code     0  libshutdown2.o(.ARM.Collect$$libshutdown$$00000002)
    __rt_lib_shutdown_fp_trap_1              0x0000015b   Thumb Code     0  libshutdown2.o(.ARM.Collect$$libshutdown$$00000007)
    __rt_lib_shutdown_heap_1                 0x0000015b   Thumb Code     0  libshutdown2.o(.ARM.Collect$$libshutdown$$0000000F)
    __rt_lib_shutdown_return                 0x0000015b   Thumb Code     0  libshutdown2.o(.ARM.Collect$$libshutdown$$00000010)
    __rt_lib_shutdown_signal_1               0x0000015b   Thumb Code     0  libshutdown2.o(.ARM.Collect$$libshutdown$$0000000A)
    __rt_lib_shutdown_stdio_1                0x0000015b   Thumb Code     0  libshutdown2.o(.ARM.Collect$$libshutdown$$00000004)
    __rt_lib_shutdown_user_alloc_1           0x0000015b   Thumb Code     0  libshutdown2.o(.ARM.Collect$$libshutdown$$0000000C)
    __rt_entry                               0x0000015d   Thumb Code     0  __rtentry.o(.ARM.Collect$$rtentry$$00000000)
    __rt_entry_presh_1                       0x0000015d   Thumb Code     0  __rtentry2.o(.ARM.Collect$$rtentry$$00000002)
    __rt_entry_sh                            0x0000015d   Thumb Code     0  __rtentry4.o(.ARM.Collect$$rtentry$$00000004)
    __rt_entry_li                            0x00000163   Thumb Code     0  __rtentry2.o(.ARM.Collect$$rtentry$$0000000A)
    __rt_entry_postsh_1                      0x00000163   Thumb Code     0  __rtentry2.o(.ARM.Collect$$rtentry$$00000009)
    __rt_entry_main                          0x00000167   Thumb Code     0  __rtentry2.o(.ARM.Collect$$rtentry$$0000000D)
    __rt_entry_postli_1                      0x00000167   Thumb Code     0  __rtentry2.o(.ARM.Collect$$rtentry$$0000000C)
    __rt_exit                                0x0000016f   Thumb Code     0  rtexit.o(.ARM.Collect$$rtexit$$00000000)
    __rt_exit_ls                             0x00000171   Thumb Code     0  rtexit2.o(.ARM.Collect$$rtexit$$00000003)
    __rt_exit_prels_1                        0x00000171   Thumb Code     0  rtexit2.o(.ARM.Collect$$rtexit$$00000002)
    __rt_exit_exit                           0x00000175   Thumb Code     0  rtexit2.o(.ARM.Collect$$rtexit$$00000004)
    Reset_Handler                            0x0000017d   Thumb Code     4  startup_mspm0g350x_uvision.o(.text)
    NMI_Handler                              0x00000181   Thumb Code     2  startup_mspm0g350x_uvision.o(.text)
    HardFault_Handler                        0x00000183   Thumb Code     2  startup_mspm0g350x_uvision.o(.text)
    SVC_Handler                              0x00000185   Thumb Code     2  startup_mspm0g350x_uvision.o(.text)
    PendSV_Handler                           0x00000187   Thumb Code     2  startup_mspm0g350x_uvision.o(.text)
    SysTick_Handler                          0x00000189   Thumb Code     2  startup_mspm0g350x_uvision.o(.text)
    ADC0_IRQHandler                          0x0000018b   Thumb Code     0  startup_mspm0g350x_uvision.o(.text)
    ADC1_IRQHandler                          0x0000018b   Thumb Code     0  startup_mspm0g350x_uvision.o(.text)
    AES_IRQHandler                           0x0000018b   Thumb Code     0  startup_mspm0g350x_uvision.o(.text)
    CANFD0_IRQHandler                        0x0000018b   Thumb Code     0  startup_mspm0g350x_uvision.o(.text)
    DAC0_IRQHandler                          0x0000018b   Thumb Code     0  startup_mspm0g350x_uvision.o(.text)
    DMA_IRQHandler                           0x0000018b   Thumb Code     0  startup_mspm0g350x_uvision.o(.text)
    Default_Handler                          0x0000018b   Thumb Code     2  startup_mspm0g350x_uvision.o(.text)
    GROUP0_IRQHandler                        0x0000018b   Thumb Code     0  startup_mspm0g350x_uvision.o(.text)
    I2C0_IRQHandler                          0x0000018b   Thumb Code     0  startup_mspm0g350x_uvision.o(.text)
    I2C1_IRQHandler                          0x0000018b   Thumb Code     0  startup_mspm0g350x_uvision.o(.text)
    RTC_IRQHandler                           0x0000018b   Thumb Code     0  startup_mspm0g350x_uvision.o(.text)
    SPI0_IRQHandler                          0x0000018b   Thumb Code     0  startup_mspm0g350x_uvision.o(.text)
    SPI1_IRQHandler                          0x0000018b   Thumb Code     0  startup_mspm0g350x_uvision.o(.text)
    TIMA0_IRQHandler                         0x0000018b   Thumb Code     0  startup_mspm0g350x_uvision.o(.text)
    TIMA1_IRQHandler                         0x0000018b   Thumb Code     0  startup_mspm0g350x_uvision.o(.text)
    __user_initial_stackheap                 0x0000018d   Thumb Code    10  startup_mspm0g350x_uvision.o(.text)
    __2printf                                0x000001a9   Thumb Code    22  noretval__2printf.o(.text)
    __printf                                 0x000001c5   Thumb Code   108  __printf.o(.text)
    _printf_int_dec                          0x00000231   Thumb Code    90  _printf_dec.o(.text)
    __aeabi_uidivmod                         0x0000029d   Thumb Code    28  aeabi_sdivfast.o(.text)
    __aeabi_idivmod                          0x000002b9   Thumb Code   472  aeabi_sdivfast.o(.text)
    __use_two_region_memory                  0x00000495   Thumb Code     2  heapauxi.o(.text)
    __rt_heap_escrow$2region                 0x00000497   Thumb Code     2  heapauxi.o(.text)
    __rt_heap_expand$2region                 0x00000499   Thumb Code     2  heapauxi.o(.text)
    __aeabi_d2f                              0x0000049d   Thumb Code     0  d2f.o(.text)
    _d2f                                     0x0000049d   Thumb Code   120  d2f.o(.text)
    __aeabi_dadd                             0x00000811   Thumb Code     0  daddsub.o(.text)
    _dadd                                    0x00000811   Thumb Code    26  daddsub.o(.text)
    __aeabi_dsub                             0x0000082b   Thumb Code     0  daddsub.o(.text)
    _dsub                                    0x0000082b   Thumb Code    22  daddsub.o(.text)
    __aeabi_drsub                            0x00000841   Thumb Code     0  daddsub.o(.text)
    _drsb                                    0x00000841   Thumb Code    28  daddsub.o(.text)
    __aeabi_ddiv                             0x00000871   Thumb Code     0  ddiv.o(.text)
    _ddiv                                    0x00000871   Thumb Code  1072  ddiv.o(.text)
    _drdiv                                   0x00000ca1   Thumb Code    20  ddiv.o(.text)
    __aeabi_d2iz                             0x00000cb9   Thumb Code     0  dfixi.o(.text)
    _dfix                                    0x00000cb9   Thumb Code    98  dfixi.o(.text)
    __aeabi_i2d_normalise                    0x00000d25   Thumb Code    66  dflti.o(.text)
    __aeabi_i2d                              0x00000d67   Thumb Code    16  dflti.o(.text)
    _dflt                                    0x00000d67   Thumb Code     0  dflti.o(.text)
    __aeabi_ui2d                             0x00000d77   Thumb Code     6  dflti.o(.text)
    _dfltu                                   0x00000d77   Thumb Code     0  dflti.o(.text)
    __aeabi_dmul                             0x00000d7d   Thumb Code     0  dmul.o(.text)
    _dmul                                    0x00000d7d   Thumb Code   558  dmul.o(.text)
    __aeabi_f2d                              0x00000fc5   Thumb Code     0  f2d.o(.text)
    _f2d                                     0x00000fc5   Thumb Code    80  f2d.o(.text)
    __aeabi_fdiv                             0x00001019   Thumb Code     0  fdiv.o(.text)
    _fdiv                                    0x00001019   Thumb Code   334  fdiv.o(.text)
    _frdiv                                   0x00001167   Thumb Code     8  fdiv.o(.text)
    __aeabi_f2iz                             0x00001179   Thumb Code     0  ffixi.o(.text)
    _ffix                                    0x00001179   Thumb Code    76  ffixi.o(.text)
    __aeabi_i2f_normalise                    0x000011c5   Thumb Code    72  fflti.o(.text)
    __aeabi_i2f                              0x0000120d   Thumb Code    16  fflti.o(.text)
    _fflt                                    0x0000120d   Thumb Code     0  fflti.o(.text)
    __aeabi_ui2f                             0x0000121d   Thumb Code     6  fflti.o(.text)
    _ffltu                                   0x0000121d   Thumb Code     0  fflti.o(.text)
    __read_errno                             0x00001223   Thumb Code    10  _rserrno.o(.text)
    __set_errno                              0x0000122d   Thumb Code    12  _rserrno.o(.text)
    _printf_int_common                       0x00001239   Thumb Code   176  _printf_intcommon.o(.text)
    _printf_char_file                        0x000012e9   Thumb Code    34  _printf_char_file.o(.text)
    __rt_udiv10                              0x00001311   Thumb Code    40  rtudiv10.o(.text)
    __ARM_scalbn                             0x00001339   Thumb Code    84  dscalbn.o(.text)
    __aeabi_errno_addr                       0x00001399   Thumb Code     8  rt_errno_addr_intlibspace.o(.text)
    __errno$intlibspace                      0x00001399   Thumb Code     0  rt_errno_addr_intlibspace.o(.text)
    __rt_errno_addr$intlibspace              0x00001399   Thumb Code     0  rt_errno_addr_intlibspace.o(.text)
    _printf_char_common                      0x000013ab   Thumb Code    32  _printf_char_common.o(.text)
    ferror                                   0x000013d1   Thumb Code     8  ferror.o(.text)
    __fpl_dcmp_InfNaN                        0x000013d9   Thumb Code   154  dcmpin.o(.text)
    _dsqrt                                   0x00001479   Thumb Code   248  dsqrt.o(.text)
    __fpl_fcmp_InfNaN                        0x00001579   Thumb Code    96  fcmpin.o(.text)
    __user_libspace                          0x000015dd   Thumb Code     8  libspace.o(.text)
    __user_perproc_libspace                  0x000015dd   Thumb Code     0  libspace.o(.text)
    __user_perthread_libspace                0x000015dd   Thumb Code     0  libspace.o(.text)
    __user_setup_stackheap                   0x000015e5   Thumb Code    62  sys_stackheap_outer.o(.text)
    exit                                     0x00001623   Thumb Code    16  exit.o(.text)
    __fpl_cmpreturn                          0x00001633   Thumb Code    46  cmpret.o(.text)
    __fpl_dcheck_NaN2                        0x00001661   Thumb Code    14  dnan2.o(.text)
    __fpl_fcheck_NaN2                        0x00001675   Thumb Code    10  fnan2.o(.text)
    __fpl_return_NaN                         0x00001685   Thumb Code    94  retnan.o(.text)
    AHRS_Geteuler                            0x000016e5   Thumb Code   196  imu.o(.text.AHRS_Geteuler)
    DL_SYSCTL_configSYSPLL                   0x000017dd   Thumb Code   196  dl_sysctl_mspm0g1x0x_g3x0x.o(.text.DL_SYSCTL_configSYSPLL)
    DL_SYSCTL_switchMCLKfromSYSOSCtoHSCLK    0x000018a1   Thumb Code    40  dl_sysctl_mspm0g1x0x_g3x0x.o(.text.DL_SYSCTL_switchMCLKfromSYSOSCtoHSCLK)
    DL_Timer_initTimerMode                   0x000018c9   Thumb Code   240  dl_timer.o(.text.DL_Timer_initTimerMode)
    DL_Timer_setClockConfig                  0x000019b9   Thumb Code    28  dl_timer.o(.text.DL_Timer_setClockConfig)
    DL_UART_init                             0x000019d5   Thumb Code    72  dl_uart.o(.text.DL_UART_init)
    DL_UART_setClockConfig                   0x00001a1d   Thumb Code    18  dl_uart.o(.text.DL_UART_setClockConfig)
    GROUP1_IRQHandler                        0x00001a31   Thumb Code    68  isr.o(.text.GROUP1_IRQHandler)
    I2C_Init                                 0x00001a81   Thumb Code    72  ml_i2c.o(.text.I2C_Init)
    I2C_NotSendAck                           0x00001ac9   Thumb Code    76  ml_i2c.o(.text.I2C_NotSendAck)
    I2C_ReceiveByte                          0x00001b15   Thumb Code   132  ml_i2c.o(.text.I2C_ReceiveByte)
    I2C_SendByte                             0x00001b99   Thumb Code    92  ml_i2c.o(.text.I2C_SendByte)
    I2C_Start                                0x00001bf5   Thumb Code    92  ml_i2c.o(.text.I2C_Start)
    I2C_Stop                                 0x00001c51   Thumb Code    72  ml_i2c.o(.text.I2C_Stop)
    I2C_WaitAck                              0x00001c99   Thumb Code   108  ml_i2c.o(.text.I2C_WaitAck)
    MPU6050_GetData                          0x00001d09   Thumb Code   180  ml_mpu6050.o(.text.MPU6050_GetData)
    MPU6050_Init                             0x00001dcd   Thumb Code   238  ml_mpu6050.o(.text.MPU6050_Init)
    MPU6050_Read                             0x00001ebb   Thumb Code    64  ml_mpu6050.o(.text.MPU6050_Read)
    MPU6050_ReadDatas_Proc                   0x00001efd   Thumb Code   256  imu.o(.text.MPU6050_ReadDatas_Proc)
    MPU6050_ReadDatas_init                   0x00002025   Thumb Code   184  imu.o(.text.MPU6050_ReadDatas_init)
    OLED_Clear                               0x000020f1   Thumb Code   276  oled.o(.text.OLED_Clear)
    OLED_I2C_SendByte                        0x00002205   Thumb Code   340  oled.o(.text.OLED_I2C_SendByte)
    OLED_Init                                0x00002359   Thumb Code   248  oled.o(.text.OLED_Init)
    OLED_ShowChar                            0x00002455   Thumb Code   188  oled.o(.text.OLED_ShowChar)
    OLED_ShowFloat                           0x00002519   Thumb Code   404  oled.o(.text.OLED_ShowFloat)
    OLED_ShowNum                             0x000026b1   Thumb Code   144  oled.o(.text.OLED_ShowNum)
    OLED_ShowSignedNum                       0x00002741   Thumb Code   176  oled.o(.text.OLED_ShowSignedNum)
    OLED_ShowString                          0x000027f5   Thumb Code    44  oled.o(.text.OLED_ShowString)
    OLED_WriteCommand                        0x00002821   Thumb Code   112  oled.o(.text.OLED_WriteCommand)
    OLED_WriteData                           0x00002891   Thumb Code   124  oled.o(.text.OLED_WriteData)
    TIMG0_IRQHandler                         0x0000290d   Thumb Code   128  isr.o(.text.TIMG0_IRQHandler)
    TIMG12_IRQHandler                        0x000029a9   Thumb Code     8  isr.o(.text.TIMG12_IRQHandler)
    TIMG6_IRQHandler                         0x000029b5   Thumb Code   124  isr.o(.text.TIMG6_IRQHandler)
    TIMG7_IRQHandler                         0x00002a45   Thumb Code  2904  isr.o(.text.TIMG7_IRQHandler)
    TIMG8_IRQHandler                         0x000035f9   Thumb Code   180  isr.o(.text.TIMG8_IRQHandler)
    UART0_IRQHandler                         0x000036e9   Thumb Code     8  isr.o(.text.UART0_IRQHandler)
    UART1_IRQHandler                         0x000036f5   Thumb Code     8  isr.o(.text.UART1_IRQHandler)
    UART2_IRQHandler                         0x00003701   Thumb Code     8  isr.o(.text.UART2_IRQHandler)
    UART3_IRQHandler                         0x0000370d   Thumb Code     8  isr.o(.text.UART3_IRQHandler)
    _sys_exit                                0x00003719   Thumb Code     2  ml_uart.o(.text._sys_exit)
    delay_ms                                 0x0000371d   Thumb Code   268  ml_delay.o(.text.delay_ms)
    delay_us                                 0x0000382d   Thumb Code   268  ml_delay.o(.text.delay_us)
    fputc                                    0x0000393d   Thumb Code    32  ml_uart.o(.text.fputc)
    gpio_get                                 0x00003961   Thumb Code    14  ml_gpio.o(.text.gpio_get)
    gpio_init                                0x00003971   Thumb Code    56  ml_gpio.o(.text.gpio_init)
    gpio_set                                 0x000039b5   Thumb Code    24  ml_gpio.o(.text.gpio_set)
    init_pid_my                              0x000039d1   Thumb Code    52  pid.o(.text.init_pid_my)
    key_action                               0x00003a25   Thumb Code   452  system.o(.text.key_action)
    main                                     0x00003c25   Thumb Code   764  main.o(.text.main)
    oled_show                                0x00003f59   Thumb Code   256  system.o(.text.oled_show)
    pid_angle                                0x000040ad   Thumb Code   648  pid.o(.text.pid_angle)
    pid_cha                                  0x00004345   Thumb Code   160  pid.o(.text.pid_cha)
    pid_left                                 0x00004401   Thumb Code    96  pid.o(.text.pid_left)
    pid_right                                0x00004465   Thumb Code    96  pid.o(.text.pid_right)
    system_init                              0x000044cd   Thumb Code   148  ml_system.o(.text.system_init)
    tim_interrupt_ms_init                    0x00004581   Thumb Code   256  ml_tim.o(.text.tim_interrupt_ms_init)
    uart_init                                0x000046b1   Thumb Code   596  ml_uart.o(.text.uart_init)
    __aeabi_uidiv                            0x00004975   Thumb Code    68  aeabi_sdivfast.o(.text_divfast)
    __aeabi_idiv                             0x000049b9   Thumb Code   434  aeabi_sdivfast.o(.text_divfast)
    __ARM_fpclassify                         0x00004b6d   Thumb Code    40  fpclassify.o(i.__ARM_fpclassify)
    __kernel_poly                            0x00004b99   Thumb Code   172  poly.o(i.__kernel_poly)
    __mathlib_dbl_divzero                    0x00004c45   Thumb Code    16  dunder.o(i.__mathlib_dbl_divzero)
    __mathlib_dbl_infnan2                    0x00004c59   Thumb Code     8  dunder.o(i.__mathlib_dbl_infnan2)
    __mathlib_dbl_invalid                    0x00004c61   Thumb Code    16  dunder.o(i.__mathlib_dbl_invalid)
    __mathlib_dbl_overflow                   0x00004c71   Thumb Code    16  dunder.o(i.__mathlib_dbl_overflow)
    __mathlib_dbl_underflow                  0x00004c85   Thumb Code    14  dunder.o(i.__mathlib_dbl_underflow)
    __aeabi_fcmpge                           0x00004c99   Thumb Code     0  fcmp.o(i._fgeq)
    _fgeq                                    0x00004c99   Thumb Code    22  fcmp.o(i._fgeq)
    __aeabi_fcmpgt                           0x00004caf   Thumb Code     0  fcmp.o(i._fgr)
    _fgr                                     0x00004caf   Thumb Code    22  fcmp.o(i._fgr)
    __aeabi_fcmple                           0x00004cc5   Thumb Code     0  fcmp.o(i._fleq)
    _fleq                                    0x00004cc5   Thumb Code    26  fcmp.o(i._fleq)
    __aeabi_fcmplt                           0x00004cdf   Thumb Code     0  fcmp.o(i._fls)
    _fls                                     0x00004cdf   Thumb Code    22  fcmp.o(i._fls)
    pow                                      0x00004cf5   Thumb Code  2506  pow.o(i.pow)
    sqrt                                     0x000056c9   Thumb Code    66  sqrt.o(i.sqrt)
    __aeabi_cdrcmple                         0x00005711   Thumb Code     0  drlef.o(x$fpl$drleqf)
    _drcmple                                 0x00005711   Thumb Code   100  drlef.o(x$fpl$drleqf)
    __aeabi_fadd                             0x00005779   Thumb Code     0  faddsub.o(x$fpl$fadd)
    _fadd                                    0x00005779   Thumb Code   134  faddsub.o(x$fpl$fadd)
    _fcmpge                                  0x00005805   Thumb Code    78  fgef.o(x$fpl$fgeqf)
    __aeabi_cfcmple                          0x00005859   Thumb Code     0  flef.o(x$fpl$fleqf)
    _fcmple                                  0x00005859   Thumb Code    78  flef.o(x$fpl$fleqf)
    __aeabi_fmul                             0x000058ad   Thumb Code     0  fmul.o(x$fpl$fmul)
    _fmul                                    0x000058ad   Thumb Code   172  fmul.o(x$fpl$fmul)
    __aeabi_fsub                             0x0000595d   Thumb Code     0  faddsub.o(x$fpl$fsub)
    _fsub                                    0x0000595d   Thumb Code   204  faddsub.o(x$fpl$fsub)
    __I$use$fp                               0x00005a2c   Number         0  usenofp.o(x$fpl$usenofp)
    __mathlib_zero                           0x00005b78   Data           8  qnan.o(.constdata)
    OLED_F8x16                               0x00005b80   Data        1520  oled.o(.rodata.OLED_F8x16)
    Region$$Table$$Base                      0x000061a8   Number         0  anon$$obj.o(Region$$Table)
    Region$$Table$$Limit                     0x000061c8   Number         0  anon$$obj.o(Region$$Table)
    key_my                                   0x20200000   Data           4  system.o(.data.key_my)
    pian_num_last                            0x20200004   Data           4  system.o(.data.pian_num_last)
    pwm_max                                  0x20200008   Data           4  isr.o(.data.pwm_max)
    slect                                    0x2020000c   Data           4  system.o(.data.slect)
    speed                                    0x20200010   Data           4  isr.o(.data.speed)
    task                                     0x20200014   Data           4  system.o(.data.task)
    time_dajiao                              0x20200018   Data           4  isr.o(.data.time_dajiao)
    yaw_set                                  0x2020001c   Data          16  system.o(.data.yaw_set)
    __libspace_start                         0x20200030   Data          96  libspace.o(.bss)
    Encoder_count1                           0x20200090   Data           4  ml_motor.o(.bss.Encoder_count1)
    __temporary_stack_top$libspace           0x20200090   Data           0  libspace.o(.bss)
    Encoder_count2                           0x20200094   Data           4  ml_motor.o(.bss.Encoder_count2)
    Gyro_Z_Measeure                          0x20200098   Data           4  imu.o(.bss.Gyro_Z_Measeure)
    Yaw                                      0x202000a0   Data           4  imu.o(.bss.Yaw)
    __stdout                                 0x202000a4   Data          84  ml_uart.o(.bss.__stdout)
    ax                                       0x202000f8   Data           2  ml_mpu6050.o(.bss.ax)
    ay                                       0x202000fa   Data           2  ml_mpu6050.o(.bss.ay)
    az                                       0x202000fc   Data           2  ml_mpu6050.o(.bss.az)
    cnt                                      0x20200100   Data           4  imu.o(.bss.cnt)
    count_6                                  0x20200104   Data           4  isr.o(.bss.count_6)
    dajiao_flag                              0x20200108   Data           4  isr.o(.bss.dajiao_flag)
    gx                                       0x2020010c   Data           2  ml_mpu6050.o(.bss.gx)
    gy                                       0x2020010e   Data           2  ml_mpu6050.o(.bss.gy)
    gz                                       0x20200110   Data           2  ml_mpu6050.o(.bss.gz)
    huang_flag                               0x20200118   Data           4  isr.o(.bss.huang_flag)
    ji_flag                                  0x2020011c   Data           4  system.o(.bss.ji_flag)
    ji_time                                  0x20200120   Data           4  isr.o(.bss.ji_time)
    key_my2                                  0x20200124   Data           4  system.o(.bss.key_my2)
    key_state                                0x20200128   Data          16  system.o(.bss.key_state)
    motor_a                                  0x20200138   Data          24  pid.o(.bss.motor_a)
    motor_c                                  0x20200150   Data          24  pid.o(.bss.motor_c)
    motor_y                                  0x20200168   Data          24  pid.o(.bss.motor_y)
    motor_z                                  0x20200180   Data          24  pid.o(.bss.motor_z)
    mpu6050                                  0x20200198   Data         100  imu.o(.bss.mpu6050)
    my_data                                  0x202001fc   Data          32  imu.o(.bss.my_data)
    my_y                                     0x2020021c   Data          16  system.o(.bss.my_y)
    my_z                                     0x2020022c   Data          16  system.o(.bss.my_z)
    pian_num                                 0x2020023c   Data           4  system.o(.bss.pian_num)
    pwm_cha                                  0x20200240   Data           4  system.o(.bss.pwm_cha)
    pwm_motor1                               0x20200244   Data           4  system.o(.bss.pwm_motor1)
    pwm_motor2                               0x20200248   Data           4  system.o(.bss.pwm_motor2)
    pwm_time0                                0x2020024c   Data           4  isr.o(.bss.pwm_time0)
    pwm_time1                                0x20200250   Data           4  isr.o(.bss.pwm_time1)
    state                                    0x20200254   Data          28  main.o(.bss.state)
    stop_flag                                0x20200270   Data           4  system.o(.bss.stop_flag)
    sum_flag                                 0x20200274   Data           4  system.o(.bss.sum_flag)
    sum_my                                   0x20200278   Data           4  imu.o(.bss.sum_my)
    task4_num                                0x2020027c   Data           4  system.o(.bss.task4_num)
    temp                                     0x20200280   Data           4  system.o(.bss.temp)
    temperature                              0x20200284   Data           4  system.o(.bss.temperature)
    time8                                    0x20200288   Data           4  isr.o(.bss.time8)
    time8_1                                  0x2020028c   Data           4  isr.o(.bss.time8_1)
    time8_11                                 0x20200290   Data           4  isr.o(.bss.time8_11)
    time8_flag                               0x20200294   Data           4  isr.o(.bss.time8_flag)
    time8_flag1                              0x20200298   Data           4  isr.o(.bss.time8_flag1)
    time_kai                                 0x2020029c   Data           4  system.o(.bss.time_kai)
    yaw_my                                   0x202002a0   Data           4  system.o(.bss.yaw_my)
    yaw_num                                  0x202002a4   Data           4  system.o(.bss.yaw_num)
    zhuang                                   0x202002ac   Data           4  system.o(.bss.zhuang)
    zi_flag                                  0x202002b0   Data           4  isr.o(.bss.zi_flag)
    zi_time                                  0x202002b4   Data           4  isr.o(.bss.zi_time)



==============================================================================

Memory Map of the image

  Image Entry point : 0x000000c1

  Load Region LR_IROM1 (Base: 0x00000000, Size: 0x000061f8, Max: 0x00020000, ABSOLUTE)

    Execution Region ER_IROM1 (Exec base: 0x00000000, Load base: 0x00000000, Size: 0x000061c8, Max: 0x00020000, ABSOLUTE)

    Exec Addr    Load Addr    Size         Type   Attr      Idx    E Section Name        Object

    0x00000000   0x00000000   0x000000c0   Data   RO          126    RESET               startup_mspm0g350x_uvision.o
    0x000000c0   0x000000c0   0x00000008   Code   RO          627  * !!!main             c_p.l(__main.o)
    0x000000c8   0x000000c8   0x0000003c   Code   RO          917    !!!scatter          c_p.l(__scatter.o)
    0x00000104   0x00000104   0x00000004   PAD
    0x00000108   0x00000108   0x0000001a   Code   RO          919    !!handler_copy      c_p.l(__scatter_copy.o)
    0x00000122   0x00000122   0x00000006   PAD
    0x00000128   0x00000128   0x0000001c   Code   RO          921    !!handler_zi        c_p.l(__scatter_zi.o)
    0x00000144   0x00000144   0x00000002   Code   RO          616    .ARM.Collect$$_printf_percent$$00000000  c_p.l(_printf_percent.o)
    0x00000146   0x00000146   0x0000000a   Code   RO          615    .ARM.Collect$$_printf_percent$$00000009  c_p.l(_printf_d.o)
    0x00000150   0x00000150   0x00000004   Code   RO          687    .ARM.Collect$$_printf_percent$$00000017  c_p.l(_printf_percent_end.o)
    0x00000154   0x00000154   0x00000002   Code   RO          777    .ARM.Collect$$libinit$$00000000  c_p.l(libinit.o)
    0x00000156   0x00000156   0x00000000   Code   RO          794    .ARM.Collect$$libinit$$00000002  c_p.l(libinit2.o)
    0x00000156   0x00000156   0x00000000   Code   RO          796    .ARM.Collect$$libinit$$00000004  c_p.l(libinit2.o)
    0x00000156   0x00000156   0x00000000   Code   RO          798    .ARM.Collect$$libinit$$00000006  c_p.l(libinit2.o)
    0x00000156   0x00000156   0x00000000   Code   RO          801    .ARM.Collect$$libinit$$0000000C  c_p.l(libinit2.o)
    0x00000156   0x00000156   0x00000000   Code   RO          803    .ARM.Collect$$libinit$$0000000E  c_p.l(libinit2.o)
    0x00000156   0x00000156   0x00000000   Code   RO          805    .ARM.Collect$$libinit$$00000010  c_p.l(libinit2.o)
    0x00000156   0x00000156   0x00000000   Code   RO          808    .ARM.Collect$$libinit$$00000013  c_p.l(libinit2.o)
    0x00000156   0x00000156   0x00000000   Code   RO          810    .ARM.Collect$$libinit$$00000015  c_p.l(libinit2.o)
    0x00000156   0x00000156   0x00000000   Code   RO          812    .ARM.Collect$$libinit$$00000017  c_p.l(libinit2.o)
    0x00000156   0x00000156   0x00000000   Code   RO          814    .ARM.Collect$$libinit$$00000019  c_p.l(libinit2.o)
    0x00000156   0x00000156   0x00000000   Code   RO          816    .ARM.Collect$$libinit$$0000001B  c_p.l(libinit2.o)
    0x00000156   0x00000156   0x00000000   Code   RO          818    .ARM.Collect$$libinit$$0000001D  c_p.l(libinit2.o)
    0x00000156   0x00000156   0x00000000   Code   RO          820    .ARM.Collect$$libinit$$0000001F  c_p.l(libinit2.o)
    0x00000156   0x00000156   0x00000000   Code   RO          822    .ARM.Collect$$libinit$$00000021  c_p.l(libinit2.o)
    0x00000156   0x00000156   0x00000000   Code   RO          824    .ARM.Collect$$libinit$$00000023  c_p.l(libinit2.o)
    0x00000156   0x00000156   0x00000000   Code   RO          826    .ARM.Collect$$libinit$$00000025  c_p.l(libinit2.o)
    0x00000156   0x00000156   0x00000000   Code   RO          828    .ARM.Collect$$libinit$$00000027  c_p.l(libinit2.o)
    0x00000156   0x00000156   0x00000000   Code   RO          832    .ARM.Collect$$libinit$$0000002E  c_p.l(libinit2.o)
    0x00000156   0x00000156   0x00000000   Code   RO          834    .ARM.Collect$$libinit$$00000030  c_p.l(libinit2.o)
    0x00000156   0x00000156   0x00000000   Code   RO          836    .ARM.Collect$$libinit$$00000032  c_p.l(libinit2.o)
    0x00000156   0x00000156   0x00000000   Code   RO          838    .ARM.Collect$$libinit$$00000034  c_p.l(libinit2.o)
    0x00000156   0x00000156   0x00000002   Code   RO          839    .ARM.Collect$$libinit$$00000035  c_p.l(libinit2.o)
    0x00000158   0x00000158   0x00000002   Code   RO          869    .ARM.Collect$$libshutdown$$00000000  c_p.l(libshutdown.o)
    0x0000015a   0x0000015a   0x00000000   Code   RO          900    .ARM.Collect$$libshutdown$$00000002  c_p.l(libshutdown2.o)
    0x0000015a   0x0000015a   0x00000000   Code   RO          902    .ARM.Collect$$libshutdown$$00000004  c_p.l(libshutdown2.o)
    0x0000015a   0x0000015a   0x00000000   Code   RO          905    .ARM.Collect$$libshutdown$$00000007  c_p.l(libshutdown2.o)
    0x0000015a   0x0000015a   0x00000000   Code   RO          908    .ARM.Collect$$libshutdown$$0000000A  c_p.l(libshutdown2.o)
    0x0000015a   0x0000015a   0x00000000   Code   RO          910    .ARM.Collect$$libshutdown$$0000000C  c_p.l(libshutdown2.o)
    0x0000015a   0x0000015a   0x00000000   Code   RO          913    .ARM.Collect$$libshutdown$$0000000F  c_p.l(libshutdown2.o)
    0x0000015a   0x0000015a   0x00000002   Code   RO          914    .ARM.Collect$$libshutdown$$00000010  c_p.l(libshutdown2.o)
    0x0000015c   0x0000015c   0x00000000   Code   RO          676    .ARM.Collect$$rtentry$$00000000  c_p.l(__rtentry.o)
    0x0000015c   0x0000015c   0x00000000   Code   RO          725    .ARM.Collect$$rtentry$$00000002  c_p.l(__rtentry2.o)
    0x0000015c   0x0000015c   0x00000006   Code   RO          737    .ARM.Collect$$rtentry$$00000004  c_p.l(__rtentry4.o)
    0x00000162   0x00000162   0x00000000   Code   RO          727    .ARM.Collect$$rtentry$$00000009  c_p.l(__rtentry2.o)
    0x00000162   0x00000162   0x00000004   Code   RO          728    .ARM.Collect$$rtentry$$0000000A  c_p.l(__rtentry2.o)
    0x00000166   0x00000166   0x00000000   Code   RO          730    .ARM.Collect$$rtentry$$0000000C  c_p.l(__rtentry2.o)
    0x00000166   0x00000166   0x00000008   Code   RO          731    .ARM.Collect$$rtentry$$0000000D  c_p.l(__rtentry2.o)
    0x0000016e   0x0000016e   0x00000002   Code   RO          785    .ARM.Collect$$rtexit$$00000000  c_p.l(rtexit.o)
    0x00000170   0x00000170   0x00000000   Code   RO          843    .ARM.Collect$$rtexit$$00000002  c_p.l(rtexit2.o)
    0x00000170   0x00000170   0x00000004   Code   RO          844    .ARM.Collect$$rtexit$$00000003  c_p.l(rtexit2.o)
    0x00000174   0x00000174   0x00000006   Code   RO          845    .ARM.Collect$$rtexit$$00000004  c_p.l(rtexit2.o)
    0x0000017a   0x0000017a   0x00000002   PAD
    0x0000017c   0x0000017c   0x0000002c   Code   RO          127    .text               startup_mspm0g350x_uvision.o
    0x000001a8   0x000001a8   0x0000001c   Code   RO          589    .text               c_p.l(noretval__2printf.o)
    0x000001c4   0x000001c4   0x0000006c   Code   RO          591    .text               c_p.l(__printf.o)
    0x00000230   0x00000230   0x0000006c   Code   RO          593    .text               c_p.l(_printf_dec.o)
    0x0000029c   0x0000029c   0x000001f8   Code   RO          617    .text               c_p.l(aeabi_sdivfast.o)
    0x00000494   0x00000494   0x00000006   Code   RO          625    .text               c_p.l(heapauxi.o)
    0x0000049a   0x0000049a   0x00000002   PAD
    0x0000049c   0x0000049c   0x0000007c   Code   RO          629    .text               fz_ps.l(d2f.o)
    0x00000518   0x00000518   0x00000358   Code   RO          631    .text               fz_ps.l(daddsub.o)
    0x00000870   0x00000870   0x00000448   Code   RO          633    .text               fz_ps.l(ddiv.o)
    0x00000cb8   0x00000cb8   0x0000006c   Code   RO          636    .text               fz_ps.l(dfixi.o)
    0x00000d24   0x00000d24   0x00000058   Code   RO          638    .text               fz_ps.l(dflti.o)
    0x00000d7c   0x00000d7c   0x00000248   Code   RO          640    .text               fz_ps.l(dmul.o)
    0x00000fc4   0x00000fc4   0x00000054   Code   RO          642    .text               fz_ps.l(f2d.o)
    0x00001018   0x00001018   0x00000160   Code   RO          662    .text               fz_ps.l(fdiv.o)
    0x00001178   0x00001178   0x0000004c   Code   RO          665    .text               fz_ps.l(ffixi.o)
    0x000011c4   0x000011c4   0x0000005e   Code   RO          667    .text               fz_ps.l(fflti.o)
    0x00001222   0x00001222   0x00000016   Code   RO          681    .text               c_p.l(_rserrno.o)
    0x00001238   0x00001238   0x000000b0   Code   RO          683    .text               c_p.l(_printf_intcommon.o)
    0x000012e8   0x000012e8   0x00000028   Code   RO          685    .text               c_p.l(_printf_char_file.o)
    0x00001310   0x00001310   0x00000028   Code   RO          688    .text               c_p.l(rtudiv10.o)
    0x00001338   0x00001338   0x00000060   Code   RO          692    .text               fz_ps.l(dscalbn.o)
    0x00001398   0x00001398   0x00000008   Code   RO          744    .text               c_p.l(rt_errno_addr_intlibspace.o)
    0x000013a0   0x000013a0   0x00000030   Code   RO          746    .text               c_p.l(_printf_char_common.o)
    0x000013d0   0x000013d0   0x00000008   Code   RO          748    .text               c_p.l(ferror.o)
    0x000013d8   0x000013d8   0x000000a0   Code   RO          752    .text               fz_ps.l(dcmpin.o)
    0x00001478   0x00001478   0x00000100   Code   RO          754    .text               fz_ps.l(dsqrt.o)
    0x00001578   0x00001578   0x00000064   Code   RO          756    .text               fz_ps.l(fcmpin.o)
    0x000015dc   0x000015dc   0x00000008   Code   RO          758    .text               c_p.l(libspace.o)
    0x000015e4   0x000015e4   0x0000003e   Code   RO          761    .text               c_p.l(sys_stackheap_outer.o)
    0x00001622   0x00001622   0x00000010   Code   RO          766    .text               c_p.l(exit.o)
    0x00001632   0x00001632   0x0000002e   Code   RO          778    .text               fz_ps.l(cmpret.o)
    0x00001660   0x00001660   0x00000014   Code   RO          780    .text               fz_ps.l(dnan2.o)
    0x00001674   0x00001674   0x00000010   Code   RO          782    .text               fz_ps.l(fnan2.o)
    0x00001684   0x00001684   0x0000005e   Code   RO          840    .text               fz_ps.l(retnan.o)
    0x000016e2   0x000016e2   0x00000002   PAD
    0x000016e4   0x000016e4   0x000000f8   Code   RO          140    .text.AHRS_Geteuler  imu.o
    0x000017dc   0x000017dc   0x000000c4   Code   RO          554    .text.DL_SYSCTL_configSYSPLL  driverlib.a(dl_sysctl_mspm0g1x0x_g3x0x.o)
    0x000018a0   0x000018a0   0x00000028   Code   RO          562    .text.DL_SYSCTL_switchMCLKfromSYSOSCtoHSCLK  driverlib.a(dl_sysctl_mspm0g1x0x_g3x0x.o)
    0x000018c8   0x000018c8   0x000000f0   Code   RO          419    .text.DL_Timer_initTimerMode  driverlib.a(dl_timer.o)
    0x000019b8   0x000019b8   0x0000001c   Code   RO          415    .text.DL_Timer_setClockConfig  driverlib.a(dl_timer.o)
    0x000019d4   0x000019d4   0x00000048   Code   RO          514    .text.DL_UART_init  driverlib.a(dl_uart.o)
    0x00001a1c   0x00001a1c   0x00000012   Code   RO          516    .text.DL_UART_setClockConfig  driverlib.a(dl_uart.o)
    0x00001a2e   0x00001a2e   0x00000002   PAD
    0x00001a30   0x00001a30   0x00000050   Code   RO           35    .text.GROUP1_IRQHandler  isr.o
    0x00001a80   0x00001a80   0x00000048   Code   RO          328    .text.I2C_Init      ml_i2c.o
    0x00001ac8   0x00001ac8   0x0000004c   Code   RO          340    .text.I2C_NotSendAck  ml_i2c.o
    0x00001b14   0x00001b14   0x00000084   Code   RO          336    .text.I2C_ReceiveByte  ml_i2c.o
    0x00001b98   0x00001b98   0x0000005c   Code   RO          334    .text.I2C_SendByte  ml_i2c.o
    0x00001bf4   0x00001bf4   0x0000005c   Code   RO          330    .text.I2C_Start     ml_i2c.o
    0x00001c50   0x00001c50   0x00000048   Code   RO          332    .text.I2C_Stop      ml_i2c.o
    0x00001c98   0x00001c98   0x00000070   Code   RO          342    .text.I2C_WaitAck   ml_i2c.o
    0x00001d08   0x00001d08   0x000000c4   Code   RO          358    .text.MPU6050_GetData  ml_mpu6050.o
    0x00001dcc   0x00001dcc   0x000000ee   Code   RO          356    .text.MPU6050_Init  ml_mpu6050.o
    0x00001eba   0x00001eba   0x00000040   Code   RO          354    .text.MPU6050_Read  ml_mpu6050.o
    0x00001efa   0x00001efa   0x00000002   PAD
    0x00001efc   0x00001efc   0x00000128   Code   RO          136    .text.MPU6050_ReadDatas_Proc  imu.o
    0x00002024   0x00002024   0x000000cc   Code   RO          134    .text.MPU6050_ReadDatas_init  imu.o
    0x000020f0   0x000020f0   0x00000114   Code   RO          207    .text.OLED_Clear    oled.o
    0x00002204   0x00002204   0x00000154   Code   RO          199    .text.OLED_I2C_SendByte  oled.o
    0x00002358   0x00002358   0x000000fc   Code   RO          225    .text.OLED_Init     oled.o
    0x00002454   0x00002454   0x000000c4   Code   RO          209    .text.OLED_ShowChar  oled.o
    0x00002518   0x00002518   0x00000198   Code   RO          223    .text.OLED_ShowFloat  oled.o
    0x000026b0   0x000026b0   0x00000090   Code   RO          215    .text.OLED_ShowNum  oled.o
    0x00002740   0x00002740   0x000000b4   Code   RO          217    .text.OLED_ShowSignedNum  oled.o
    0x000027f4   0x000027f4   0x0000002c   Code   RO          211    .text.OLED_ShowString  oled.o
    0x00002820   0x00002820   0x00000070   Code   RO          201    .text.OLED_WriteCommand  oled.o
    0x00002890   0x00002890   0x0000007c   Code   RO          203    .text.OLED_WriteData  oled.o
    0x0000290c   0x0000290c   0x0000009c   Code   RO           15    .text.TIMG0_IRQHandler  isr.o
    0x000029a8   0x000029a8   0x0000000c   Code   RO           25    .text.TIMG12_IRQHandler  isr.o
    0x000029b4   0x000029b4   0x00000090   Code   RO           17    .text.TIMG6_IRQHandler  isr.o
    0x00002a44   0x00002a44   0x00000bb4   Code   RO           21    .text.TIMG7_IRQHandler  isr.o
    0x000035f8   0x000035f8   0x000000f0   Code   RO           23    .text.TIMG8_IRQHandler  isr.o
    0x000036e8   0x000036e8   0x0000000c   Code   RO           27    .text.UART0_IRQHandler  isr.o
    0x000036f4   0x000036f4   0x0000000c   Code   RO           29    .text.UART1_IRQHandler  isr.o
    0x00003700   0x00003700   0x0000000c   Code   RO           31    .text.UART2_IRQHandler  isr.o
    0x0000370c   0x0000370c   0x0000000c   Code   RO           33    .text.UART3_IRQHandler  isr.o
    0x00003718   0x00003718   0x00000002   Code   RO          263    .text._sys_exit     ml_uart.o
    0x0000371a   0x0000371a   0x00000002   PAD
    0x0000371c   0x0000371c   0x00000110   Code   RO          286    .text.delay_ms      ml_delay.o
    0x0000382c   0x0000382c   0x00000110   Code   RO          288    .text.delay_us      ml_delay.o
    0x0000393c   0x0000393c   0x00000024   Code   RO          265    .text.fputc         ml_uart.o
    0x00003960   0x00003960   0x0000000e   Code   RO          244    .text.gpio_get      ml_gpio.o
    0x0000396e   0x0000396e   0x00000002   PAD
    0x00003970   0x00003970   0x00000044   Code   RO          238    .text.gpio_init     ml_gpio.o
    0x000039b4   0x000039b4   0x0000001c   Code   RO          240    .text.gpio_set      ml_gpio.o
    0x000039d0   0x000039d0   0x00000054   Code   RO          179    .text.init_pid_my   pid.o
    0x00003a24   0x00003a24   0x00000200   Code   RO           89    .text.key_action    system.o
    0x00003c24   0x00003c24   0x00000334   Code   RO            2    .text.main          main.o
    0x00003f58   0x00003f58   0x00000154   Code   RO           87    .text.oled_show     system.o
    0x000040ac   0x000040ac   0x00000298   Code   RO          177    .text.pid_angle     pid.o
    0x00004344   0x00004344   0x000000bc   Code   RO          175    .text.pid_cha       pid.o
    0x00004400   0x00004400   0x00000064   Code   RO          171    .text.pid_left      pid.o
    0x00004464   0x00004464   0x00000068   Code   RO          173    .text.pid_right     pid.o
    0x000044cc   0x000044cc   0x000000b4   Code   RO          298    .text.system_init   ml_system.o
    0x00004580   0x00004580   0x00000130   Code   RO          254    .text.tim_interrupt_ms_init  ml_tim.o
    0x000046b0   0x000046b0   0x000002c4   Code   RO          267    .text.uart_init     ml_uart.o
    0x00004974   0x00004974   0x000001f6   Code   RO          618    .text_divfast       c_p.l(aeabi_sdivfast.o)
    0x00004b6a   0x00004b6a   0x00000002   PAD
    0x00004b6c   0x00004b6c   0x0000002c   Code   RO          715    i.__ARM_fpclassify  m_ps.l(fpclassify.o)
    0x00004b98   0x00004b98   0x000000ac   Code   RO          717    i.__kernel_poly     m_ps.l(poly.o)
    0x00004c44   0x00004c44   0x00000014   Code   RO          701    i.__mathlib_dbl_divzero  m_ps.l(dunder.o)
    0x00004c58   0x00004c58   0x00000008   Code   RO          703    i.__mathlib_dbl_infnan2  m_ps.l(dunder.o)
    0x00004c60   0x00004c60   0x00000010   Code   RO          704    i.__mathlib_dbl_invalid  m_ps.l(dunder.o)
    0x00004c70   0x00004c70   0x00000014   Code   RO          705    i.__mathlib_dbl_overflow  m_ps.l(dunder.o)
    0x00004c84   0x00004c84   0x00000014   Code   RO          707    i.__mathlib_dbl_underflow  m_ps.l(dunder.o)
    0x00004c98   0x00004c98   0x00000016   Code   RO          651    i._fgeq             fz_ps.l(fcmp.o)
    0x00004cae   0x00004cae   0x00000016   Code   RO          652    i._fgr              fz_ps.l(fcmp.o)
    0x00004cc4   0x00004cc4   0x0000001a   Code   RO          653    i._fleq             fz_ps.l(fcmp.o)
    0x00004cde   0x00004cde   0x00000016   Code   RO          654    i._fls              fz_ps.l(fcmp.o)
    0x00004cf4   0x00004cf4   0x000009d4   Code   RO          672    i.pow               m_ps.l(pow.o)
    0x000056c8   0x000056c8   0x00000048   Code   RO          721    i.sqrt              m_ps.l(sqrt.o)
    0x00005710   0x00005710   0x00000068   Code   RO          690    x$fpl$drleqf        fz_ps.l(drlef.o)
    0x00005778   0x00005778   0x0000008c   Code   RO          644    x$fpl$fadd          fz_ps.l(faddsub.o)
    0x00005804   0x00005804   0x00000054   Code   RO          696    x$fpl$fgeqf         fz_ps.l(fgef.o)
    0x00005858   0x00005858   0x00000054   Code   RO          698    x$fpl$fleqf         fz_ps.l(flef.o)
    0x000058ac   0x000058ac   0x000000b0   Code   RO          669    x$fpl$fmul          fz_ps.l(fmul.o)
    0x0000595c   0x0000595c   0x000000d0   Code   RO          646    x$fpl$fsub          fz_ps.l(faddsub.o)
    0x00005a2c   0x00005a2c   0x00000000   Code   RO          700    x$fpl$usenofp       fz_ps.l(usenofp.o)
    0x00005a2c   0x00005a2c   0x00000080   Data   RO          634    .constdata          fz_ps.l(ddiv.o)
    0x00005aac   0x00005aac   0x00000040   Data   RO          663    .constdata          fz_ps.l(fdiv.o)
    0x00005aec   0x00005aec   0x00000004   PAD
    0x00005af0   0x00005af0   0x00000088   Data   RO          673    .constdata          m_ps.l(pow.o)
    0x00005b78   0x00005b78   0x00000008   Data   RO          719    .constdata          m_ps.l(qnan.o)
    0x00005b80   0x00005b80   0x000005f0   Data   RO          229    .rodata.OLED_F8x16  oled.o
    0x00006170   0x00006170   0x00000028   Data   RO          300    .rodata.gSYSPLLConfig  ml_system.o
    0x00006198   0x00006198   0x00000003   Data   RO            6    .rodata.str1.1      main.o
    0x0000619b   0x0000619b   0x00000002   Data   RO          273    .rodata.uart_init.gUART_1ClockConfig  ml_uart.o
    0x0000619d   0x0000619d   0x00000001   PAD
    0x0000619e   0x0000619e   0x0000000a   Data   RO          274    .rodata.uart_init.gUART_1Config  ml_uart.o
    0x000061a8   0x000061a8   0x00000020   Data   RO          916    Region$$Table       anon$$obj.o


    Execution Region RW_IRAM2 (Exec base: 0x20200000, Load base: 0x000061c8, Size: 0x000006b8, Max: 0x00008000, ABSOLUTE)

    Exec Addr    Load Addr    Size         Type   Attr      Idx    E Section Name        Object

    0x20200000   0x000061c8   0x00000004   Data   RW           97    .data.key_my        system.o
    0x20200004   0x000061cc   0x00000004   Data   RW          110    .data.pian_num_last  system.o
    0x20200008   0x000061d0   0x00000004   Data   RW           39    .data.pwm_max       isr.o
    0x2020000c   0x000061d4   0x00000004   Data   RW          114    .data.slect         system.o
    0x20200010   0x000061d8   0x00000004   Data   RW           43    .data.speed         isr.o
    0x20200014   0x000061dc   0x00000004   Data   RW          104    .data.task          system.o
    0x20200018   0x000061e0   0x00000004   Data   RW           49    .data.time_dajiao   isr.o
    0x2020001c   0x000061e4   0x00000010   Data   RW          102    .data.yaw_set       system.o
    0x2020002c   0x000061f4   0x00000004   PAD
    0x20200030        -       0x00000060   Zero   RW          759    .bss                c_p.l(libspace.o)
    0x20200090        -       0x00000004   Zero   RW          396    .bss.Encoder_count1  ml_motor.o
    0x20200094        -       0x00000004   Zero   RW          397    .bss.Encoder_count2  ml_motor.o
    0x20200098        -       0x00000004   Zero   RW          155    .bss.Gyro_Z_Measeure  imu.o
    0x2020009c        -       0x00000004   Zero   RW          154    .bss.MPU6050_ReadDatas_Proc.z  imu.o
    0x202000a0        -       0x00000004   Zero   RW          156    .bss.Yaw            imu.o
    0x202000a4        -       0x00000054   Zero   RW          275    .bss.__stdout       ml_uart.o
    0x202000f8        -       0x00000002   Zero   RW          360    .bss.ax             ml_mpu6050.o
    0x202000fa        -       0x00000002   Zero   RW          361    .bss.ay             ml_mpu6050.o
    0x202000fc        -       0x00000002   Zero   RW          362    .bss.az             ml_mpu6050.o
    0x202000fe   0x000061f4   0x00000002   PAD
    0x20200100        -       0x00000004   Zero   RW          152    .bss.cnt            imu.o
    0x20200104        -       0x00000004   Zero   RW           40    .bss.count_6        isr.o
    0x20200108        -       0x00000004   Zero   RW           52    .bss.dajiao_flag    isr.o
    0x2020010c        -       0x00000002   Zero   RW          363    .bss.gx             ml_mpu6050.o
    0x2020010e        -       0x00000002   Zero   RW          364    .bss.gy             ml_mpu6050.o
    0x20200110        -       0x00000002   Zero   RW          365    .bss.gz             ml_mpu6050.o
    0x20200112   0x000061f4   0x00000002   PAD
    0x20200114        -       0x00000004   Zero   RW          116    .bss.hang           system.o
    0x20200118        -       0x00000004   Zero   RW           45    .bss.huang_flag     isr.o
    0x2020011c        -       0x00000004   Zero   RW          115    .bss.ji_flag        system.o
    0x20200120        -       0x00000004   Zero   RW           46    .bss.ji_time        isr.o
    0x20200124        -       0x00000004   Zero   RW           98    .bss.key_my2        system.o
    0x20200128        -       0x00000010   Zero   RW          111    .bss.key_state      system.o
    0x20200138        -       0x00000018   Zero   RW          184    .bss.motor_a        pid.o
    0x20200150        -       0x00000018   Zero   RW          183    .bss.motor_c        pid.o
    0x20200168        -       0x00000018   Zero   RW          182    .bss.motor_y        pid.o
    0x20200180        -       0x00000018   Zero   RW          181    .bss.motor_z        pid.o
    0x20200198        -       0x00000064   Zero   RW          150    .bss.mpu6050        imu.o
    0x202001fc        -       0x00000020   Zero   RW          151    .bss.my_data        imu.o
    0x2020021c        -       0x00000010   Zero   RW           94    .bss.my_y           system.o
    0x2020022c        -       0x00000010   Zero   RW           93    .bss.my_z           system.o
    0x2020023c        -       0x00000004   Zero   RW           95    .bss.pian_num       system.o
    0x20200240        -       0x00000004   Zero   RW          100    .bss.pwm_cha        system.o
    0x20200244        -       0x00000004   Zero   RW           91    .bss.pwm_motor1     system.o
    0x20200248        -       0x00000004   Zero   RW           92    .bss.pwm_motor2     system.o
    0x2020024c        -       0x00000004   Zero   RW           37    .bss.pwm_time0      isr.o
    0x20200250        -       0x00000004   Zero   RW           38    .bss.pwm_time1      isr.o
    0x20200254        -       0x0000001c   Zero   RW            5    .bss.state          main.o
    0x20200270        -       0x00000004   Zero   RW           96    .bss.stop_flag      system.o
    0x20200274        -       0x00000004   Zero   RW          108    .bss.sum_flag       system.o
    0x20200278        -       0x00000004   Zero   RW          153    .bss.sum_my         imu.o
    0x2020027c        -       0x00000004   Zero   RW          109    .bss.task4_num      system.o
    0x20200280        -       0x00000004   Zero   RW          112    .bss.temp           system.o
    0x20200284        -       0x00000004   Zero   RW          113    .bss.temperature    system.o
    0x20200288        -       0x00000004   Zero   RW           53    .bss.time8          isr.o
    0x2020028c        -       0x00000004   Zero   RW           54    .bss.time8_1        isr.o
    0x20200290        -       0x00000004   Zero   RW           55    .bss.time8_11       isr.o
    0x20200294        -       0x00000004   Zero   RW           41    .bss.time8_flag     isr.o
    0x20200298        -       0x00000004   Zero   RW           42    .bss.time8_flag1    isr.o
    0x2020029c        -       0x00000004   Zero   RW          105    .bss.time_kai       system.o
    0x202002a0        -       0x00000004   Zero   RW          101    .bss.yaw_my         system.o
    0x202002a4        -       0x00000004   Zero   RW          103    .bss.yaw_num        system.o
    0x202002a8        -       0x00000004   Zero   RW          117    .bss.ye             system.o
    0x202002ac        -       0x00000004   Zero   RW          106    .bss.zhuang         system.o
    0x202002b0        -       0x00000004   Zero   RW           50    .bss.zi_flag        isr.o
    0x202002b4        -       0x00000004   Zero   RW           51    .bss.zi_time        isr.o
    0x202002b8        -       0x00000000   Zero   RW          125    HEAP                startup_mspm0g350x_uvision.o
    0x202002b8        -       0x00000400   Zero   RW          124    STACK               startup_mspm0g350x_uvision.o



  Load Region LR_BCR (Base: 0x41c00000, Size: 0x00000000, Max: 0x00000100, ABSOLUTE)

    Execution Region BCR_CONFIG (Exec base: 0x41c00000, Load base: 0x41c00000, Size: 0x00000000, Max: 0x00000080, ABSOLUTE)

    **** No section assigned to this execution region ****



  Load Region LR_BSL (Base: 0x41c00100, Size: 0x00000000, Max: 0x00000100, ABSOLUTE)

    Execution Region BSL_CONFIG (Exec base: 0x41c00100, Load base: 0x41c00100, Size: 0x00000000, Max: 0x00000080, ABSOLUTE)

    **** No section assigned to this execution region ****


==============================================================================

Image component sizes


      Code (inc. data)   RO Data    RW Data    ZI Data      Debug   Object Name

       748        112          0          0        152       5629   imu.o
      3676        448          0         12         52      12723   isr.o
       820         56          3          0         28       8031   main.o
       544          8          0          0          0       2157   ml_delay.o
       110         16          0          0          0       6623   ml_gpio.o
       648          4          0          0          0       6408   ml_i2c.o
         0          0          0          0          8       7191   ml_motor.o
       498         16          0          0         12       1871   ml_mpu6050.o
       180         32         40          0          0      16388   ml_system.o
       304         48          0          0          0       7581   ml_tim.o
       746        116         12          0         84      13841   ml_uart.o
      2076         20       1520          0          0      14711   oled.o
      1140         88          0          0         96       4275   pid.o
        44         18        192          0       1024        684   startup_mspm0g350x_uvision.o
       852        144          0         32        116       4715   system.o

    ----------------------------------------------------------------------
     12392       1126       1800         44       1580     112828   Object Totals
         0          0         32          0          0          0   (incl. Generated)
         6          0          1          0          8          0   (incl. Padding)

    ----------------------------------------------------------------------

      Code (inc. data)   RO Data    RW Data    ZI Data      Debug   Library Member Name

         8          0          0          0          0         68   __main.o
       108          0          0          0          0         76   __printf.o
         0          0          0          0          0          0   __rtentry.o
        12          0          0          0          0          0   __rtentry2.o
         6          0          0          0          0          0   __rtentry4.o
        60          8          0          0          0          0   __scatter.o
        26          0          0          0          0          0   __scatter_copy.o
        28          0          0          0          0          0   __scatter_zi.o
        48          6          0          0          0         88   _printf_char_common.o
        40          6          0          0          0         72   _printf_char_file.o
        10          0          0          0          0          0   _printf_d.o
       108         18          0          0          0         76   _printf_dec.o
       176          0          0          0          0         84   _printf_intcommon.o
         2          0          0          0          0          0   _printf_percent.o
         4          0          0          0          0          0   _printf_percent_end.o
        22          0          0          0          0         92   _rserrno.o
      1006          4          0          0          0        184   aeabi_sdivfast.o
        16          0          0          0          0         68   exit.o
         8          0          0          0          0         60   ferror.o
         6          0          0          0          0        136   heapauxi.o
         2          0          0          0          0          0   libinit.o
         2          0          0          0          0          0   libinit2.o
         2          0          0          0          0          0   libshutdown.o
         2          0          0          0          0          0   libshutdown2.o
         8          4          0          0         96         68   libspace.o
        28          6          0          0          0         84   noretval__2printf.o
         8          4          0          0          0         68   rt_errno_addr_intlibspace.o
         2          0          0          0          0          0   rtexit.o
        10          0          0          0          0          0   rtexit2.o
        40          0          0          0          0         60   rtudiv10.o
        62          0          0          0          0         80   sys_stackheap_outer.o
       236         24          0          0          0      18490   dl_sysctl_mspm0g1x0x_g3x0x.o
       268        160          0          0          0      40195   dl_timer.o
        90          8          0          0          0      14127   dl_uart.o
        46          0          0          0          0         60   cmpret.o
       124          4          0          0          0         72   d2f.o
       856         20          0          0          0        208   daddsub.o
       160          6          0          0          0         76   dcmpin.o
      1096         26        128          0          0        112   ddiv.o
       108         10          0          0          0         72   dfixi.o
        88          0          0          0          0         92   dflti.o
       584         26          0          0          0         84   dmul.o
        20          6          0          0          0         68   dnan2.o
       104          4          0          0          0        104   drlef.o
        96         12          0          0          0         72   dscalbn.o
       256          8          0          0          0         76   dsqrt.o
        84          4          0          0          0         60   f2d.o
       348          8          0          0          0        160   faddsub.o
        92          0          0          0          0        272   fcmp.o
       100          4          0          0          0         68   fcmpin.o
       352         10         64          0          0         92   fdiv.o
        76          0          0          0          0         68   ffixi.o
        94          0          0          0          0         92   fflti.o
        84          4          0          0          0         76   fgef.o
        84          4          0          0          0         76   flef.o
       176          4          0          0          0         80   fmul.o
        16          6          0          0          0         68   fnan2.o
        94          0          0          0          0         68   retnan.o
         0          0          0          0          0          0   usenofp.o
        84         14          0          0          0        340   dunder.o
        44          4          0          0          0         60   fpclassify.o
       172          0          0          0          0         76   poly.o
      2516        206        136          0          0        236   pow.o
         0          0          8          0          0          0   qnan.o
        72          6          0          0          0         76   sqrt.o

    ----------------------------------------------------------------------
     10500        648        340          0         96      77240   Library Totals
        20          4          4          0          0          0   (incl. Padding)

    ----------------------------------------------------------------------

      Code (inc. data)   RO Data    RW Data    ZI Data      Debug   Library Name

      1860         56          0          0         96       1364   c_p.l
       594        192          0          0          0      72812   driverlib.a
      5138        166        192          0          0       2276   fz_ps.l
      2888        230        144          0          0        788   m_ps.l

    ----------------------------------------------------------------------
     10500        648        340          0         96      77240   Library Totals

    ----------------------------------------------------------------------

==============================================================================


      Code (inc. data)   RO Data    RW Data    ZI Data      Debug   

     22892       1774       2140         44       1676     187544   Grand Totals
     22892       1774       2140         44       1676     187544   ELF Image Totals
     22892       1774       2140         44          0          0   ROM Totals

==============================================================================

    Total RO  Size (Code + RO Data)                25032 (  24.45kB)
    Total RW  Size (RW Data + ZI Data)              1720 (   1.68kB)
    Total ROM Size (Code + RO Data + RW Data)      25076 (  24.49kB)

==============================================================================

