<html>
<body>
<pre>
<h1>µVision Build Log</h1>
<h2>Tool Versions:</h2>
IDE-Version: ¦ÌVision V5.38.0.0
Copyright (C) 2022 ARM Ltd and ARM Germany GmbH. All rights reserved.
License Information: 1 13683927056@139.com, 1, LIC=WHYH9-49XAE-RA9DM-XKTL9-JJCC5-FV6T8
 
Tool Versions:
Toolchain:       MDK-ARM Plus  Version: 5.38.0.0
Toolchain Path:  D:\STM32\Keil5 MDK\ARM\ARMCLANG\Bin
C Compiler:      ArmClang.exe V6.19
Assembler:       Armasm.exe V6.19
Linker/Locator:  ArmLink.exe V6.19
Library Manager: ArmAr.exe V6.19
Hex Converter:   FromElf.exe V6.19
CPU DLL:         SARMCM3.DLL V5.38.0.0
Dialog DLL:      DARMCM1.DLL V1.19.6.0
Target DLL:      CMSIS_AGDI.dll V1.33.15.0
Dialog DLL:      TARMCM1.DLL V1.14.6.0
 
<h2>Project:</h2>
C:\Users\13683\Desktop\01_pid_mpu6050_car_example\user\project.uvprojx
Project File Date:  08/01/2024

<h2>Output:</h2>
*** Using Compiler 'V6.19', folder: 'D:\STM32\Keil5 MDK\ARM\ARMCLANG\Bin'
Rebuild target 'Target 1'
assembling startup_mspm0g350x_uvision.s...
compiling ti_msp_dl_config.c...
compiling main.c...
compiling system.c...
compiling pid.c...
compiling IMU.c...
compiling isr.c...
compiling oled.c...
compiling ml_gpio.c...
compiling ml_delay.c...
compiling ml_tim.c...
compiling ml_uart.c...
compiling ml_system.c...
compiling ml_pwm.c...
compiling ml_exti.c...
compiling ml_mpu6050.c...
compiling ml_i2c.c...
compiling ml_motor.c...
linking...
Program Size: Code=22836 RO-data=2140 RW-data=44 ZI-data=1676  
".\Objects\project.axf" - 0 Error(s), 0 Warning(s).

<h2>Software Packages used:</h2>

Package Vendor: TexasInstruments
                http://software-dl.ti.com/msp430/esd/MSPM0-CMSIS/MSPM0G/latest/exports/TexasInstruments.MSPM0G_DFP.1.2.1.pack
                TexasInstruments.MSPM0G_DFP.1.2.1
                Device Family Pack for Texas Instruments MSPM0G Series

<h2>Collection of Component include folders:</h2>

<h2>Collection of Component Files used:</h2>
Build Time Elapsed:  00:00:04
</pre>
</body>
</html>
